Apr 07 02:16:15 localhost kernel: Linux version 6.8.0-57-generic (buildd@lcy02-amd64-040) (x86_64-linux-gnu-gcc-13 (Ubuntu 13.3.0-6ubuntu2~24.04) 13.3.0, GNU ld (GNU Binutils for Ubuntu) 2.42) #59-Ubuntu SMP PREEMPT_DYNAMIC Sat Mar 15 17:40:59 UTC 2025 (Ubuntu 6.8.0-57.59-generic 6.8.12)

Apr 07 02:16:15 localhost kernel: Command line: BOOT_IMAGE=/vmlinuz-6.8.0-57-generic root=/dev/mapper/ubuntu--vg-ubuntu--lv ro

Apr 07 02:16:15 localhost kernel: KERNEL supported cpus:

Apr 07 02:16:15 localhost kernel:   Intel GenuineIntel

Apr 07 02:16:15 localhost kernel:   AMD AuthenticAMD

Apr 07 02:16:15 localhost kernel:   Hygon HygonGenuine

Apr 07 02:16:15 localhost kernel:   Centaur CentaurHauls

Apr 07 02:16:15 localhost kernel:   zhaoxin   Shanghai  

Apr 07 02:16:15 localhost kernel: BIOS-provided physical RAM map:

Apr 07 02:16:15 localhost kernel: BIOS-e820: [mem 0x0000000000000000-0x000000000009fbff] usable

Apr 07 02:16:15 localhost kernel: BIOS-e820: [mem 0x000000000009fc00-0x000000000009ffff] reserved

Apr 07 02:16:15 localhost kernel: BIOS-e820: [mem 0x00000000000f0000-0x00000000000fffff] reserved

Apr 07 02:16:15 localhost kernel: BIOS-e820: [mem 0x0000000000100000-0x00000000bffd9fff] usable

Apr 07 02:16:15 localhost kernel: BIOS-e820: [mem 0x00000000bffda000-0x00000000bfffffff] reserved

Apr 07 02:16:15 localhost kernel: BIOS-e820: [mem 0x00000000feffc000-0x00000000feffffff] reserved

Apr 07 02:16:15 localhost kernel: BIOS-e820: [mem 0x00000000fffc0000-0x00000000ffffffff] reserved

Apr 07 02:16:15 localhost kernel: BIOS-e820: [mem 0x0000000100000000-0x000000013fffffff] usable

Apr 07 02:16:15 localhost kernel: BIOS-e820: [mem 0x000000fd00000000-0x000000ffffffffff] reserved

Apr 07 02:16:15 localhost kernel: NX (Execute Disable) protection: active

Apr 07 02:16:15 localhost kernel: APIC: Static calls initialized

Apr 07 02:16:15 localhost kernel: SMBIOS 2.8 present.

Apr 07 02:16:15 localhost kernel: DMI: QEMU Standard PC (i440FX + PIIX, 1996), BIOS rel-1.16.3-0-ga6ed6b701f0a-prebuilt.qemu.org 04/01/2014

Apr 07 02:16:15 localhost kernel: Hypervisor detected: KVM

Apr 07 02:16:15 localhost kernel: kvm-clock: Using msrs 4b564d01 and 4b564d00

Apr 07 02:16:15 localhost kernel: kvm-clock: using sched offset of 107045243134 cycles

Apr 07 02:16:15 localhost kernel: clocksource: kvm-clock: mask: 0xffffffffffffffff max_cycles: 0x1cd42e4dffb, max_idle_ns: 881590591483 ns

Apr 07 02:16:15 localhost kernel: tsc: Detected 3399.996 MHz processor

Apr 07 02:16:15 localhost kernel: e820: update [mem 0x00000000-0x00000fff] usable ==> reserved

Apr 07 02:16:15 localhost kernel: e820: remove [mem 0x000a0000-0x000fffff] usable

Apr 07 02:16:15 localhost kernel: AGP: No AGP bridge found

Apr 07 02:16:15 localhost kernel: last_pfn = 0x140000 max_arch_pfn = 0x400000000

Apr 07 02:16:15 localhost kernel: MTRR map: 4 entries (3 fixed + 1 variable; max 19), built from 8 variable MTRRs

Apr 07 02:16:15 localhost kernel: x86/PAT: Configuration [0-7]: WB  WC  UC- UC  WB  WP  UC- WT  

Apr 07 02:16:15 localhost kernel: last_pfn = 0xbffda max_arch_pfn = 0x400000000

Apr 07 02:16:15 localhost kernel: found SMP MP-table at [mem 0x000f5450-0x000f545f]

Apr 07 02:16:15 localhost kernel: RAMDISK: [mem 0x2fccb000-0x33e5cfff]

Apr 07 02:16:15 localhost kernel: ACPI: Early table checksum verification disabled

Apr 07 02:16:15 localhost kernel: ACPI: RSDP 0x00000000000F5250 000014 (v00 BOCHS )

Apr 07 02:16:15 localhost kernel: ACPI: RSDT 0x00000000BFFE3BFC 000038 (v01 BOCHS  BXPC     00000001 BXPC 00000001)

Apr 07 02:16:15 localhost kernel: ACPI: FACP 0x00000000BFFE39DE 000074 (v01 BOCHS  BXPC     00000001 BXPC 00000001)

Apr 07 02:16:15 localhost kernel: ACPI: DSDT 0x00000000BFFDF040 00499E (v01 BOCHS  BXPC     00000001 BXPC 00000001)

Apr 07 02:16:15 localhost kernel: ACPI: FACS 0x00000000BFFDF000 000040

Apr 07 02:16:15 localhost kernel: ACPI: APIC 0x00000000BFFE3A52 000080 (v03 BOCHS  BXPC     00000001 BXPC 00000001)

Apr 07 02:16:15 localhost kernel: ACPI: SSDT 0x00000000BFFE3AD2 0000CA (v01 BOCHS  VMGENID  00000001 BXPC 00000001)

Apr 07 02:16:15 localhost kernel: ACPI: HPET 0x00000000BFFE3B9C 000038 (v01 BOCHS  BXPC     00000001 BXPC 00000001)

Apr 07 02:16:15 localhost kernel: ACPI: WAET 0x00000000BFFE3BD4 000028 (v01 BOCHS  BXPC     00000001 BXPC 00000001)

Apr 07 02:16:15 localhost kernel: ACPI: Reserving FACP table memory at [mem 0xbffe39de-0xbffe3a51]

Apr 07 02:16:15 localhost kernel: ACPI: Reserving DSDT table memory at [mem 0xbffdf040-0xbffe39dd]

Apr 07 02:16:15 localhost kernel: ACPI: Reserving FACS table memory at [mem 0xbffdf000-0xbffdf03f]

Apr 07 02:16:15 localhost kernel: ACPI: Reserving APIC table memory at [mem 0xbffe3a52-0xbffe3ad1]

Apr 07 02:16:15 localhost kernel: ACPI: Reserving SSDT table memory at [mem 0xbffe3ad2-0xbffe3b9b]

Apr 07 02:16:15 localhost kernel: ACPI: Reserving HPET table memory at [mem 0xbffe3b9c-0xbffe3bd3]

Apr 07 02:16:15 localhost kernel: ACPI: Reserving WAET table memory at [mem 0xbffe3bd4-0xbffe3bfb]

Apr 07 02:16:15 localhost kernel: No NUMA configuration found

Apr 07 02:16:15 localhost kernel: Faking a node at [mem 0x0000000000000000-0x000000013fffffff]

Apr 07 02:16:15 localhost kernel: NODE_DATA(0) allocated [mem 0x13ffd2000-0x13fffcfff]

Apr 07 02:16:15 localhost kernel: Zone ranges:

Apr 07 02:16:15 localhost kernel:   DMA      [mem 0x0000000000001000-0x0000000000ffffff]

Apr 07 02:16:15 localhost kernel:   DMA32    [mem 0x0000000001000000-0x00000000ffffffff]

Apr 07 02:16:15 localhost kernel:   Normal   [mem 0x0000000100000000-0x000000013fffffff]

Apr 07 02:16:15 localhost kernel:   Device   empty

Apr 07 02:16:15 localhost kernel: Movable zone start for each node

Apr 07 02:16:15 localhost kernel: Early memory node ranges

Apr 07 02:16:15 localhost kernel:   node   0: [mem 0x0000000000001000-0x000000000009efff]

Apr 07 02:16:15 localhost kernel:   node   0: [mem 0x0000000000100000-0x00000000bffd9fff]

Apr 07 02:16:15 localhost kernel:   node   0: [mem 0x0000000100000000-0x000000013fffffff]

Apr 07 02:16:15 localhost kernel: Initmem setup node 0 [mem 0x0000000000001000-0x000000013fffffff]

Apr 07 02:16:15 localhost kernel: On node 0, zone DMA: 1 pages in unavailable ranges

Apr 07 02:16:15 localhost kernel: On node 0, zone DMA: 97 pages in unavailable ranges

Apr 07 02:16:15 localhost kernel: On node 0, zone Normal: 38 pages in unavailable ranges

Apr 07 02:16:15 localhost kernel: ACPI: PM-Timer IO Port: 0x608

Apr 07 02:16:15 localhost kernel: ACPI: LAPIC_NMI (acpi_id[0xff] dfl dfl lint[0x1])

Apr 07 02:16:15 localhost kernel: IOAPIC[0]: apic_id 0, version 17, address 0xfec00000, GSI 0-23

Apr 07 02:16:15 localhost kernel: ACPI: INT_SRC_OVR (bus 0 bus_irq 0 global_irq 2 dfl dfl)

Apr 07 02:16:15 localhost kernel: ACPI: INT_SRC_OVR (bus 0 bus_irq 5 global_irq 5 high level)

Apr 07 02:16:15 localhost kernel: ACPI: INT_SRC_OVR (bus 0 bus_irq 9 global_irq 9 high level)

Apr 07 02:16:15 localhost kernel: ACPI: INT_SRC_OVR (bus 0 bus_irq 10 global_irq 10 high level)

Apr 07 02:16:15 localhost kernel: ACPI: INT_SRC_OVR (bus 0 bus_irq 11 global_irq 11 high level)

Apr 07 02:16:15 localhost kernel: ACPI: Using ACPI (MADT) for SMP configuration information

Apr 07 02:16:15 localhost kernel: ACPI: HPET id: 0x8086a201 base: 0xfed00000

Apr 07 02:16:15 localhost kernel: smpboot: Allowing 2 CPUs, 0 hotplug CPUs

Apr 07 02:16:15 localhost kernel: kvm-guest: APIC: eoi() replaced with kvm_guest_apic_eoi_write()

Apr 07 02:16:15 localhost kernel: PM: hibernation: Registered nosave memory: [mem 0x00000000-0x00000fff]

Apr 07 02:16:15 localhost kernel: PM: hibernation: Registered nosave memory: [mem 0x0009f000-0x0009ffff]

Apr 07 02:16:15 localhost kernel: PM: hibernation: Registered nosave memory: [mem 0x000a0000-0x000effff]

Apr 07 02:16:15 localhost kernel: PM: hibernation: Registered nosave memory: [mem 0x000f0000-0x000fffff]

Apr 07 02:16:15 localhost kernel: PM: hibernation: Registered nosave memory: [mem 0xbffda000-0xbfffffff]

Apr 07 02:16:15 localhost kernel: PM: hibernation: Registered nosave memory: [mem 0xc0000000-0xfeffbfff]

Apr 07 02:16:15 localhost kernel: PM: hibernation: Registered nosave memory: [mem 0xfeffc000-0xfeffffff]

Apr 07 02:16:15 localhost kernel: PM: hibernation: Registered nosave memory: [mem 0xff000000-0xfffbffff]

Apr 07 02:16:15 localhost kernel: PM: hibernation: Registered nosave memory: [mem 0xfffc0000-0xffffffff]

Apr 07 02:16:15 localhost kernel: [mem 0xc0000000-0xfeffbfff] available for PCI devices

Apr 07 02:16:15 localhost kernel: Booting paravirtualized kernel on KVM

Apr 07 02:16:15 localhost kernel: clocksource: refined-jiffies: mask: 0xffffffff max_cycles: 0xffffffff, max_idle_ns: 1910969940391419 ns

Apr 07 02:16:15 localhost kernel: setup_percpu: NR_CPUS:8192 nr_cpumask_bits:2 nr_cpu_ids:2 nr_node_ids:1

Apr 07 02:16:15 localhost kernel: percpu: Embedded 86 pages/cpu s229376 r8192 d114688 u1048576

Apr 07 02:16:15 localhost kernel: pcpu-alloc: s229376 r8192 d114688 u1048576 alloc=1*2097152

Apr 07 02:16:15 localhost kernel: pcpu-alloc: [0] 0 1 

Apr 07 02:16:15 localhost kernel: kvm-guest: PV spinlocks enabled

Apr 07 02:16:15 localhost kernel: PV qspinlock hash table entries: 256 (order: 0, 4096 bytes, linear)

Apr 07 02:16:15 localhost kernel: Kernel command line: BOOT_IMAGE=/vmlinuz-6.8.0-57-generic root=/dev/mapper/ubuntu--vg-ubuntu--lv ro

Apr 07 02:16:15 localhost kernel: Unknown kernel command line parameters "BOOT_IMAGE=/vmlinuz-6.8.0-57-generic", will be passed to user space.

Apr 07 02:16:15 localhost kernel: Dentry cache hash table entries: 524288 (order: 10, 4194304 bytes, linear)

Apr 07 02:16:15 localhost kernel: Inode-cache hash table entries: 262144 (order: 9, 2097152 bytes, linear)

Apr 07 02:16:15 localhost kernel: Fallback order for Node 0: 0 

Apr 07 02:16:15 localhost kernel: Built 1 zonelists, mobility grouping on.  Total pages: 1031898

Apr 07 02:16:15 localhost kernel: Policy zone: Normal

Apr 07 02:16:15 localhost kernel: mem auto-init: stack:all(zero), heap alloc:on, heap free:off

Apr 07 02:16:15 localhost kernel: AGP: Checking aperture...

Apr 07 02:16:15 localhost kernel: AGP: No AGP bridge found

Apr 07 02:16:15 localhost kernel: software IO TLB: area num 2.

Apr 07 02:16:15 localhost kernel: Memory: 3933484K/4193760K available (22528K kernel code, 4444K rwdata, 14344K rodata, 4988K init, 4716K bss, 260016K reserved, 0K cma-reserved)

Apr 07 02:16:15 localhost kernel: SLUB: HWalign=64, Order=0-3, MinObjects=0, CPUs=2, Nodes=1

Apr 07 02:16:15 localhost kernel: ftrace: allocating 58010 entries in 227 pages

Apr 07 02:16:15 localhost kernel: ftrace: allocated 227 pages with 5 groups

Apr 07 02:16:15 localhost kernel: Dynamic Preempt: voluntary

Apr 07 02:16:15 localhost kernel: rcu: Preemptible hierarchical RCU implementation.

Apr 07 02:16:15 localhost kernel: rcu:         RCU restricting CPUs from NR_CPUS=8192 to nr_cpu_ids=2.

Apr 07 02:16:15 localhost kernel:         Trampoline variant of Tasks RCU enabled.

Apr 07 02:16:15 localhost kernel:         Rude variant of Tasks RCU enabled.

Apr 07 02:16:15 localhost kernel:         Tracing variant of Tasks RCU enabled.

Apr 07 02:16:15 localhost kernel: rcu: RCU calculated value of scheduler-enlistment delay is 100 jiffies.

Apr 07 02:16:15 localhost kernel: rcu: Adjusting geometry for rcu_fanout_leaf=16, nr_cpu_ids=2

Apr 07 02:16:15 localhost kernel: NR_IRQS: 524544, nr_irqs: 440, preallocated irqs: 16

Apr 07 02:16:15 localhost kernel: rcu: srcu_init: Setting srcu_struct sizes based on contention.

Apr 07 02:16:15 localhost kernel: Console: colour dummy device 80x25

Apr 07 02:16:15 localhost kernel: printk: legacy console [tty0] enabled

Apr 07 02:16:15 localhost kernel: ACPI: Core revision 20230628

Apr 07 02:16:15 localhost kernel: clocksource: hpet: mask: 0xffffffff max_cycles: 0xffffffff, max_idle_ns: 19112604467 ns

Apr 07 02:16:15 localhost kernel: APIC: Switch to symmetric I/O mode setup

Apr 07 02:16:15 localhost kernel: x2apic enabled

Apr 07 02:16:15 localhost kernel: APIC: Switched APIC routing to: physical x2apic

Apr 07 02:16:15 localhost kernel: ..TIMER: vector=0x30 apic1=0 pin1=2 apic2=-1 pin2=-1

Apr 07 02:16:15 localhost kernel: tsc: Marking TSC unstable due to TSCs unsynchronized

Apr 07 02:16:15 localhost kernel: Calibrating delay loop (skipped) preset value.. 6799.99 BogoMIPS (lpj=3399996)

Apr 07 02:16:15 localhost kernel: process: using AMD E400 aware idle routine

Apr 07 02:16:15 localhost kernel: Last level iTLB entries: 4KB 512, 2MB 255, 4MB 127

Apr 07 02:16:15 localhost kernel: Last level dTLB entries: 4KB 512, 2MB 255, 4MB 127, 1GB 0

Apr 07 02:16:15 localhost kernel: Spectre V1 : Mitigation: usercopy/swapgs barriers and __user pointer sanitization

Apr 07 02:16:15 localhost kernel: Spectre V2 : Mitigation: Retpolines

Apr 07 02:16:15 localhost kernel: Spectre V2 : Spectre v2 / SpectreRSB mitigation: Filling RSB on context switch

Apr 07 02:16:15 localhost kernel: Spectre V2 : Spectre v2 / SpectreRSB : Filling RSB on VMEXIT

Apr 07 02:16:15 localhost kernel: x86/fpu: x87 FPU will use FXSAVE

Apr 07 02:16:15 localhost kernel: Freeing SMP alternatives memory: 48K

Apr 07 02:16:15 localhost kernel: pid_max: default: 32768 minimum: 301

Apr 07 02:16:15 localhost kernel: LSM: initializing lsm=lockdown,capability,landlock,yama,apparmor,integrity

Apr 07 02:16:15 localhost kernel: landlock: Up and running.

Apr 07 02:16:15 localhost kernel: Yama: becoming mindful.

Apr 07 02:16:15 localhost kernel: AppArmor: AppArmor initialized

Apr 07 02:16:15 localhost kernel: Mount-cache hash table entries: 8192 (order: 4, 65536 bytes, linear)

Apr 07 02:16:15 localhost kernel: Mountpoint-cache hash table entries: 8192 (order: 4, 65536 bytes, linear)

Apr 07 02:16:15 localhost kernel: smpboot: CPU0: AMD QEMU Virtual CPU version 2.5+ (family: 0xf, model: 0x6b, stepping: 0x1)

Apr 07 02:16:15 localhost kernel: RCU Tasks: Setting shift to 1 and lim to 1 rcu_task_cb_adjust=1 rcu_task_cpu_ids=2.

Apr 07 02:16:15 localhost kernel: RCU Tasks Rude: Setting shift to 1 and lim to 1 rcu_task_cb_adjust=1 rcu_task_cpu_ids=2.

Apr 07 02:16:15 localhost kernel: RCU Tasks Trace: Setting shift to 1 and lim to 1 rcu_task_cb_adjust=1 rcu_task_cpu_ids=2.

Apr 07 02:16:15 localhost kernel: Performance Events: AMD PMU driver.

Apr 07 02:16:15 localhost kernel: ... version:                0

Apr 07 02:16:15 localhost kernel: ... bit width:              48

Apr 07 02:16:15 localhost kernel: ... generic registers:      4

Apr 07 02:16:15 localhost kernel: ... value mask:             0000ffffffffffff

Apr 07 02:16:15 localhost kernel: ... max period:             00007fffffffffff

Apr 07 02:16:15 localhost kernel: ... fixed-purpose events:   0

Apr 07 02:16:15 localhost kernel: ... event mask:             000000000000000f

Apr 07 02:16:15 localhost kernel: signal: max sigframe size: 1440

Apr 07 02:16:15 localhost kernel: rcu: Hierarchical SRCU implementation.

Apr 07 02:16:15 localhost kernel: rcu:         Max phase no-delay instances is 400.

Apr 07 02:16:15 localhost kernel: smp: Bringing up secondary CPUs ...

Apr 07 02:16:15 localhost kernel: smpboot: x86: Booting SMP configuration:

Apr 07 02:16:15 localhost kernel: .... node  #0, CPUs:      #1

Apr 07 02:16:15 localhost kernel: smp: Brought up 1 node, 2 CPUs

Apr 07 02:16:15 localhost kernel: smpboot: Max logical packages: 1

Apr 07 02:16:15 localhost kernel: smpboot: Total of 2 processors activated (13599.98 BogoMIPS)

Apr 07 02:16:15 localhost kernel: devtmpfs: initialized

Apr 07 02:16:15 localhost kernel: x86/mm: Memory block size: 128MB

Apr 07 02:16:15 localhost kernel: clocksource: jiffies: mask: 0xffffffff max_cycles: 0xffffffff, max_idle_ns: 1911260446275000 ns

Apr 07 02:16:15 localhost kernel: futex hash table entries: 512 (order: 3, 32768 bytes, linear)

Apr 07 02:16:15 localhost kernel: pinctrl core: initialized pinctrl subsystem

Apr 07 02:16:15 localhost kernel: PM: RTC time: 02:15:19, date: 2025-04-07

Apr 07 02:16:15 localhost kernel: NET: Registered PF_NETLINK/PF_ROUTE protocol family

Apr 07 02:16:15 localhost kernel: DMA: preallocated 512 KiB GFP_KERNEL pool for atomic allocations

Apr 07 02:16:15 localhost kernel: DMA: preallocated 512 KiB GFP_KERNEL|GFP_DMA pool for atomic allocations

Apr 07 02:16:15 localhost kernel: DMA: preallocated 512 KiB GFP_KERNEL|GFP_DMA32 pool for atomic allocations

Apr 07 02:16:15 localhost kernel: audit: initializing netlink subsys (disabled)

Apr 07 02:16:15 localhost kernel: audit: type=2000 audit(1743992119.328:1): state=initialized audit_enabled=0 res=1

Apr 07 02:16:15 localhost kernel: thermal_sys: Registered thermal governor 'fair_share'

Apr 07 02:16:15 localhost kernel: thermal_sys: Registered thermal governor 'bang_bang'

Apr 07 02:16:15 localhost kernel: thermal_sys: Registered thermal governor 'step_wise'

Apr 07 02:16:15 localhost kernel: thermal_sys: Registered thermal governor 'user_space'

Apr 07 02:16:15 localhost kernel: thermal_sys: Registered thermal governor 'power_allocator'

Apr 07 02:16:15 localhost kernel: EISA bus registered

Apr 07 02:16:15 localhost kernel: cpuidle: using governor ladder

Apr 07 02:16:15 localhost kernel: cpuidle: using governor menu

Apr 07 02:16:15 localhost kernel: acpiphp: ACPI Hot Plug PCI Controller Driver version: 0.5

Apr 07 02:16:15 localhost kernel: PCI: Using configuration type 1 for base access

Apr 07 02:16:15 localhost kernel: kprobes: kprobe jump-optimization is enabled. All kprobes are optimized if possible.

Apr 07 02:16:15 localhost kernel: HugeTLB: registered 2.00 MiB page size, pre-allocated 0 pages

Apr 07 02:16:15 localhost kernel: HugeTLB: 28 KiB vmemmap can be freed for a 2.00 MiB page

Apr 07 02:16:15 localhost kernel: fbcon: Taking over console

Apr 07 02:16:15 localhost kernel: ACPI: Added _OSI(Module Device)

Apr 07 02:16:15 localhost kernel: ACPI: Added _OSI(Processor Device)

Apr 07 02:16:15 localhost kernel: ACPI: Added _OSI(3.0 _SCP Extensions)

Apr 07 02:16:15 localhost kernel: ACPI: Added _OSI(Processor Aggregator Device)

Apr 07 02:16:15 localhost kernel: ACPI: 2 ACPI AML tables successfully acquired and loaded

Apr 07 02:16:15 localhost kernel: ACPI: _OSC evaluation for CPUs failed, trying _PDC

Apr 07 02:16:15 localhost kernel: ACPI: Interpreter enabled

Apr 07 02:16:15 localhost kernel: ACPI: PM: (supports S0 S3 S4 S5)

Apr 07 02:16:15 localhost kernel: ACPI: Using IOAPIC for interrupt routing

Apr 07 02:16:15 localhost kernel: PCI: Using host bridge windows from ACPI; if necessary, use "pci=nocrs" and report a bug

Apr 07 02:16:15 localhost kernel: PCI: Using E820 reservations for host bridge windows

Apr 07 02:16:15 localhost kernel: ACPI: Enabled 3 GPEs in block 00 to 0F

Apr 07 02:16:15 localhost kernel: ACPI: PCI Root Bridge [PCI0] (domain 0000 [bus 00-ff])

Apr 07 02:16:15 localhost kernel: acpi PNP0A03:00: _OSC: OS supports [ASPM ClockPM Segments MSI EDR HPX-Type3]

Apr 07 02:16:15 localhost kernel: acpi PNP0A03:00: _OSC: not requesting OS control; OS requires [ExtendedConfig ASPM ClockPM MSI]

Apr 07 02:16:15 localhost kernel: acpi PNP0A03:00: fail to add MMCONFIG information, can't access extended configuration space under this bridge

Apr 07 02:16:15 localhost kernel: acpiphp: Slot [3] registered

Apr 07 02:16:15 localhost kernel: acpiphp: Slot [8] registered

Apr 07 02:16:15 localhost kernel: acpiphp: Slot [18] registered

Apr 07 02:16:15 localhost kernel: acpiphp: Slot [4] registered

Apr 07 02:16:15 localhost kernel: acpiphp: Slot [6] registered

Apr 07 02:16:15 localhost kernel: acpiphp: Slot [7] registered

Apr 07 02:16:15 localhost kernel: acpiphp: Slot [9] registered

Apr 07 02:16:15 localhost kernel: acpiphp: Slot [10] registered

Apr 07 02:16:15 localhost kernel: acpiphp: Slot [11] registered

Apr 07 02:16:15 localhost kernel: acpiphp: Slot [12] registered

Apr 07 02:16:15 localhost kernel: acpiphp: Slot [13] registered

Apr 07 02:16:15 localhost kernel: acpiphp: Slot [14] registered

Apr 07 02:16:15 localhost kernel: acpiphp: Slot [15] registered

Apr 07 02:16:15 localhost kernel: acpiphp: Slot [16] registered

Apr 07 02:16:15 localhost kernel: acpiphp: Slot [17] registered

Apr 07 02:16:15 localhost kernel: acpiphp: Slot [19] registered

Apr 07 02:16:15 localhost kernel: acpiphp: Slot [20] registered

Apr 07 02:16:15 localhost kernel: acpiphp: Slot [21] registered

Apr 07 02:16:15 localhost kernel: acpiphp: Slot [22] registered

Apr 07 02:16:15 localhost kernel: acpiphp: Slot [23] registered

Apr 07 02:16:15 localhost kernel: acpiphp: Slot [24] registered

Apr 07 02:16:15 localhost kernel: acpiphp: Slot [25] registered

Apr 07 02:16:15 localhost kernel: acpiphp: Slot [26] registered

Apr 07 02:16:15 localhost kernel: acpiphp: Slot [27] registered

Apr 07 02:16:15 localhost kernel: acpiphp: Slot [28] registered

Apr 07 02:16:15 localhost kernel: acpiphp: Slot [29] registered

Apr 07 02:16:15 localhost kernel: PCI host bridge to bus 0000:00

Apr 07 02:16:15 localhost kernel: pci_bus 0000:00: root bus resource [io  0x0000-0x0cf7 window]

Apr 07 02:16:15 localhost kernel: pci_bus 0000:00: root bus resource [io  0x0d00-0xffff window]

Apr 07 02:16:15 localhost kernel: pci_bus 0000:00: root bus resource [mem 0x000a0000-0x000bffff window]

Apr 07 02:16:15 localhost kernel: pci_bus 0000:00: root bus resource [mem 0xc0000000-0xfebfffff window]

Apr 07 02:16:15 localhost kernel: pci_bus 0000:00: root bus resource [mem 0xc000000000-0xc0a0007fff window]

Apr 07 02:16:15 localhost kernel: pci_bus 0000:00: root bus resource [bus 00-ff]

Apr 07 02:16:15 localhost kernel: pci 0000:00:00.0: [8086:1237] type 00 class 0x060000 conventional PCI endpoint

Apr 07 02:16:15 localhost kernel: pci 0000:00:01.0: [8086:7000] type 00 class 0x060100 conventional PCI endpoint

Apr 07 02:16:15 localhost kernel: pci 0000:00:01.1: [8086:7010] type 00 class 0x010180 conventional PCI endpoint

Apr 07 02:16:15 localhost kernel: pci 0000:00:01.1: BAR 4 [io  0xf0e0-0xf0ef]

Apr 07 02:16:15 localhost kernel: pci 0000:00:01.1: BAR 0 [io  0x01f0-0x01f7]: legacy IDE quirk

Apr 07 02:16:15 localhost kernel: pci 0000:00:01.1: BAR 1 [io  0x03f6]: legacy IDE quirk

Apr 07 02:16:15 localhost kernel: pci 0000:00:01.1: BAR 2 [io  0x0170-0x0177]: legacy IDE quirk

Apr 07 02:16:15 localhost kernel: pci 0000:00:01.1: BAR 3 [io  0x0376]: legacy IDE quirk

Apr 07 02:16:15 localhost kernel: pci 0000:00:01.2: [8086:7020] type 00 class 0x0c0300 conventional PCI endpoint

Apr 07 02:16:15 localhost kernel: pci 0000:00:01.2: BAR 4 [io  0xf0c0-0xf0df]

Apr 07 02:16:15 localhost kernel: pci 0000:00:01.3: [8086:7113] type 00 class 0x068000 conventional PCI endpoint

Apr 07 02:16:15 localhost kernel: pci 0000:00:01.3: quirk: [io  0x0600-0x063f] claimed by PIIX4 ACPI

Apr 07 02:16:15 localhost kernel: pci 0000:00:01.3: quirk: [io  0x0700-0x070f] claimed by PIIX4 SMB

Apr 07 02:16:15 localhost kernel: pci 0000:00:02.0: [1234:1111] type 00 class 0x030000 conventional PCI endpoint

Apr 07 02:16:15 localhost kernel: pci 0000:00:02.0: BAR 0 [mem 0xfd000000-0xfdffffff pref]

Apr 07 02:16:15 localhost kernel: pci 0000:00:02.0: BAR 2 [mem 0xfea70000-0xfea70fff]

Apr 07 02:16:15 localhost kernel: pci 0000:00:02.0: ROM [mem 0xfea60000-0xfea6ffff pref]

Apr 07 02:16:15 localhost kernel: pci 0000:00:02.0: Video device with shadowed ROM at [mem 0x000c0000-0x000dffff]

Apr 07 02:16:15 localhost kernel: pci 0000:00:03.0: [1af4:1002] type 00 class 0x00ff00 conventional PCI endpoint

Apr 07 02:16:15 localhost kernel: pci 0000:00:03.0: BAR 0 [io  0xf000-0xf03f]

Apr 07 02:16:15 localhost kernel: pci 0000:00:03.0: BAR 4 [mem 0xc0a0000000-0xc0a0003fff 64bit pref]

Apr 07 02:16:15 localhost kernel: pci 0000:00:05.0: [1b36:0001] type 01 class 0x060400 conventional PCI bridge

Apr 07 02:16:15 localhost kernel: pci 0000:00:05.0: BAR 0 [mem 0xc000000000-0xc0000000ff 64bit]

Apr 07 02:16:15 localhost kernel: pci 0000:00:05.0: PCI bridge to [bus 01]

Apr 07 02:16:15 localhost kernel: pci 0000:00:05.0:   bridge window [io  0xe000-0xefff]

Apr 07 02:16:15 localhost kernel: pci 0000:00:05.0:   bridge window [mem 0xfe800000-0xfe9fffff]

Apr 07 02:16:15 localhost kernel: pci 0000:00:05.0:   bridge window [mem 0xc080000000-0xc09fffffff 64bit pref]

Apr 07 02:16:15 localhost kernel: pci 0000:00:08.0: [1af4:1003] type 00 class 0x078000 conventional PCI endpoint

Apr 07 02:16:15 localhost kernel: pci 0000:00:08.0: BAR 0 [io  0xf040-0xf07f]

Apr 07 02:16:15 localhost kernel: pci 0000:00:08.0: BAR 1 [mem 0xfea71000-0xfea71fff]

Apr 07 02:16:15 localhost kernel: pci 0000:00:08.0: BAR 4 [mem 0xc0a0004000-0xc0a0007fff 64bit pref]

Apr 07 02:16:15 localhost kernel: pci 0000:00:12.0: [8086:100e] type 00 class 0x020000 conventional PCI endpoint

Apr 07 02:16:15 localhost kernel: pci 0000:00:12.0: BAR 0 [mem 0xfea40000-0xfea5ffff]

Apr 07 02:16:15 localhost kernel: pci 0000:00:12.0: BAR 1 [io  0xf080-0xf0bf]

Apr 07 02:16:15 localhost kernel: pci 0000:00:12.0: ROM [mem 0xfea00000-0xfea3ffff pref]

Apr 07 02:16:15 localhost kernel: pci 0000:00:1e.0: [1b36:0001] type 01 class 0x060400 conventional PCI bridge

Apr 07 02:16:15 localhost kernel: pci 0000:00:1e.0: BAR 0 [mem 0xc000001000-0xc0000010ff 64bit]

Apr 07 02:16:15 localhost kernel: pci 0000:00:1e.0: PCI bridge to [bus 02]

Apr 07 02:16:15 localhost kernel: pci 0000:00:1e.0:   bridge window [io  0xd000-0xdfff]

Apr 07 02:16:15 localhost kernel: pci 0000:00:1e.0:   bridge window [mem 0xfe600000-0xfe7fffff]

Apr 07 02:16:15 localhost kernel: pci 0000:00:1e.0:   bridge window [mem 0xc060000000-0xc07fffffff 64bit pref]

Apr 07 02:16:15 localhost kernel: pci 0000:00:1f.0: [1b36:0001] type 01 class 0x060400 conventional PCI bridge

Apr 07 02:16:15 localhost kernel: pci 0000:00:1f.0: BAR 0 [mem 0xc000002000-0xc0000020ff 64bit]

Apr 07 02:16:15 localhost kernel: pci 0000:00:1f.0: PCI bridge to [bus 03]

Apr 07 02:16:15 localhost kernel: pci 0000:00:1f.0:   bridge window [io  0xc000-0xcfff]

Apr 07 02:16:15 localhost kernel: pci 0000:00:1f.0:   bridge window [mem 0xfe400000-0xfe5fffff]

Apr 07 02:16:15 localhost kernel: pci 0000:00:1f.0:   bridge window [mem 0xc040000000-0xc05fffffff 64bit pref]

Apr 07 02:16:15 localhost kernel: pci_bus 0000:01: extended config space not accessible

Apr 07 02:16:15 localhost kernel: acpiphp: Slot [1-2] registered

Apr 07 02:16:15 localhost kernel: acpiphp: Slot [0] registered

Apr 07 02:16:15 localhost kernel: acpiphp: Slot [2] registered

Apr 07 02:16:15 localhost kernel: acpiphp: Slot [3-2] registered

Apr 07 02:16:15 localhost kernel: acpiphp: Slot [4-2] registered

Apr 07 02:16:15 localhost kernel: acpiphp: Slot [5] registered

Apr 07 02:16:15 localhost kernel: acpiphp: Slot [6-2] registered

Apr 07 02:16:15 localhost kernel: acpiphp: Slot [7-2] registered

Apr 07 02:16:15 localhost kernel: acpiphp: Slot [8-2] registered

Apr 07 02:16:15 localhost kernel: acpiphp: Slot [9-2] registered

Apr 07 02:16:15 localhost kernel: acpiphp: Slot [10-2] registered

Apr 07 02:16:15 localhost kernel: acpiphp: Slot [11-2] registered

Apr 07 02:16:15 localhost kernel: acpiphp: Slot [12-2] registered

Apr 07 02:16:15 localhost kernel: acpiphp: Slot [13-2] registered

Apr 07 02:16:15 localhost kernel: acpiphp: Slot [14-2] registered

Apr 07 02:16:15 localhost kernel: acpiphp: Slot [15-2] registered

Apr 07 02:16:15 localhost kernel: acpiphp: Slot [16-2] registered

Apr 07 02:16:15 localhost kernel: acpiphp: Slot [17-2] registered

Apr 07 02:16:15 localhost kernel: acpiphp: Slot [18-2] registered

Apr 07 02:16:15 localhost kernel: acpiphp: Slot [19-2] registered

Apr 07 02:16:15 localhost kernel: acpiphp: Slot [20-2] registered

Apr 07 02:16:15 localhost kernel: acpiphp: Slot [21-2] registered

Apr 07 02:16:15 localhost kernel: acpiphp: Slot [22-2] registered

Apr 07 02:16:15 localhost kernel: acpiphp: Slot [23-2] registered

Apr 07 02:16:15 localhost kernel: acpiphp: Slot [24-2] registered

Apr 07 02:16:15 localhost kernel: acpiphp: Slot [25-2] registered

Apr 07 02:16:15 localhost kernel: acpiphp: Slot [26-2] registered

Apr 07 02:16:15 localhost kernel: acpiphp: Slot [27-2] registered

Apr 07 02:16:15 localhost kernel: acpiphp: Slot [28-2] registered

Apr 07 02:16:15 localhost kernel: acpiphp: Slot [29-2] registered

Apr 07 02:16:15 localhost kernel: acpiphp: Slot [30] registered

Apr 07 02:16:15 localhost kernel: acpiphp: Slot [31] registered

Apr 07 02:16:15 localhost kernel: pci 0000:01:01.0: [1af4:1004] type 00 class 0x010000 conventional PCI endpoint

Apr 07 02:16:15 localhost kernel: pci 0000:01:01.0: BAR 0 [io  0xe000-0xe03f]

Apr 07 02:16:15 localhost kernel: pci 0000:01:01.0: BAR 1 [mem 0xfe800000-0xfe800fff]

Apr 07 02:16:15 localhost kernel: pci 0000:01:01.0: BAR 4 [mem 0xc080000000-0xc080003fff 64bit pref]

Apr 07 02:16:15 localhost kernel: pci 0000:00:05.0: PCI bridge to [bus 01]

Apr 07 02:16:15 localhost kernel: pci_bus 0000:02: extended config space not accessible

Apr 07 02:16:15 localhost kernel: acpiphp: Slot [0-2] registered

Apr 07 02:16:15 localhost kernel: acpiphp: Slot [1-3] registered

Apr 07 02:16:15 localhost kernel: acpiphp: Slot [2-2] registered

Apr 07 02:16:15 localhost kernel: acpiphp: Slot [3-3] registered

Apr 07 02:16:15 localhost kernel: acpiphp: Slot [4-3] registered

Apr 07 02:16:15 localhost kernel: acpiphp: Slot [5-2] registered

Apr 07 02:16:15 localhost kernel: acpiphp: Slot [6-3] registered

Apr 07 02:16:15 localhost kernel: acpiphp: Slot [7-3] registered

Apr 07 02:16:15 localhost kernel: acpiphp: Slot [8-3] registered

Apr 07 02:16:15 localhost kernel: acpiphp: Slot [9-3] registered

Apr 07 02:16:15 localhost kernel: acpiphp: Slot [10-3] registered

Apr 07 02:16:15 localhost kernel: acpiphp: Slot [11-3] registered

Apr 07 02:16:15 localhost kernel: acpiphp: Slot [12-3] registered

Apr 07 02:16:15 localhost kernel: acpiphp: Slot [13-3] registered

Apr 07 02:16:15 localhost kernel: acpiphp: Slot [14-3] registered

Apr 07 02:16:15 localhost kernel: acpiphp: Slot [15-3] registered

Apr 07 02:16:15 localhost kernel: acpiphp: Slot [16-3] registered

Apr 07 02:16:15 localhost kernel: acpiphp: Slot [17-3] registered

Apr 07 02:16:15 localhost kernel: acpiphp: Slot [18-3] registered

Apr 07 02:16:15 localhost kernel: acpiphp: Slot [19-3] registered

Apr 07 02:16:15 localhost kernel: acpiphp: Slot [20-3] registered

Apr 07 02:16:15 localhost kernel: acpiphp: Slot [21-3] registered

Apr 07 02:16:15 localhost kernel: acpiphp: Slot [22-3] registered

Apr 07 02:16:15 localhost kernel: acpiphp: Slot [23-3] registered

Apr 07 02:16:15 localhost kernel: acpiphp: Slot [24-3] registered

Apr 07 02:16:15 localhost kernel: acpiphp: Slot [25-3] registered

Apr 07 02:16:15 localhost kernel: acpiphp: Slot [26-3] registered

Apr 07 02:16:15 localhost kernel: acpiphp: Slot [27-3] registered

Apr 07 02:16:15 localhost kernel: acpiphp: Slot [28-3] registered

Apr 07 02:16:15 localhost kernel: acpiphp: Slot [29-3] registered

Apr 07 02:16:15 localhost kernel: acpiphp: Slot [30-2] registered

Apr 07 02:16:15 localhost kernel: acpiphp: Slot [31-2] registered

Apr 07 02:16:15 localhost kernel: pci 0000:00:1e.0: PCI bridge to [bus 02]

Apr 07 02:16:15 localhost kernel: pci_bus 0000:03: extended config space not accessible

Apr 07 02:16:15 localhost kernel: acpiphp: Slot [0-3] registered

Apr 07 02:16:15 localhost kernel: acpiphp: Slot [1-4] registered

Apr 07 02:16:15 localhost kernel: acpiphp: Slot [2-3] registered

Apr 07 02:16:15 localhost kernel: acpiphp: Slot [3-4] registered

Apr 07 02:16:15 localhost kernel: acpiphp: Slot [4-4] registered

Apr 07 02:16:15 localhost kernel: acpiphp: Slot [5-3] registered

Apr 07 02:16:15 localhost kernel: acpiphp: Slot [6-4] registered

Apr 07 02:16:15 localhost kernel: acpiphp: Slot [7-4] registered

Apr 07 02:16:15 localhost kernel: acpiphp: Slot [8-4] registered

Apr 07 02:16:15 localhost kernel: acpiphp: Slot [9-4] registered

Apr 07 02:16:15 localhost kernel: acpiphp: Slot [10-4] registered

Apr 07 02:16:15 localhost kernel: acpiphp: Slot [11-4] registered

Apr 07 02:16:15 localhost kernel: acpiphp: Slot [12-4] registered

Apr 07 02:16:15 localhost kernel: acpiphp: Slot [13-4] registered

Apr 07 02:16:15 localhost kernel: acpiphp: Slot [14-4] registered

Apr 07 02:16:15 localhost kernel: acpiphp: Slot [15-4] registered

Apr 07 02:16:15 localhost kernel: acpiphp: Slot [16-4] registered

Apr 07 02:16:15 localhost kernel: acpiphp: Slot [17-4] registered

Apr 07 02:16:15 localhost kernel: acpiphp: Slot [18-4] registered

Apr 07 02:16:15 localhost kernel: acpiphp: Slot [19-4] registered

Apr 07 02:16:15 localhost kernel: acpiphp: Slot [20-4] registered

Apr 07 02:16:15 localhost kernel: acpiphp: Slot [21-4] registered

Apr 07 02:16:15 localhost kernel: acpiphp: Slot [22-4] registered

Apr 07 02:16:15 localhost kernel: acpiphp: Slot [23-4] registered

Apr 07 02:16:15 localhost kernel: acpiphp: Slot [24-4] registered

Apr 07 02:16:15 localhost kernel: acpiphp: Slot [25-4] registered

Apr 07 02:16:15 localhost kernel: acpiphp: Slot [26-4] registered

Apr 07 02:16:15 localhost kernel: acpiphp: Slot [27-4] registered

Apr 07 02:16:15 localhost kernel: acpiphp: Slot [28-4] registered

Apr 07 02:16:15 localhost kernel: acpiphp: Slot [29-4] registered

Apr 07 02:16:15 localhost kernel: acpiphp: Slot [30-3] registered

Apr 07 02:16:15 localhost kernel: acpiphp: Slot [31-3] registered

Apr 07 02:16:15 localhost kernel: pci 0000:00:1f.0: PCI bridge to [bus 03]

Apr 07 02:16:15 localhost kernel: ACPI: PCI: Interrupt link LNKA configured for IRQ 10

Apr 07 02:16:15 localhost kernel: ACPI: PCI: Interrupt link LNKB configured for IRQ 10

Apr 07 02:16:15 localhost kernel: ACPI: PCI: Interrupt link LNKC configured for IRQ 11

Apr 07 02:16:15 localhost kernel: ACPI: PCI: Interrupt link LNKD configured for IRQ 11

Apr 07 02:16:15 localhost kernel: ACPI: PCI: Interrupt link LNKS configured for IRQ 9

Apr 07 02:16:15 localhost kernel: iommu: Default domain type: Translated

Apr 07 02:16:15 localhost kernel: iommu: DMA domain TLB invalidation policy: lazy mode

Apr 07 02:16:15 localhost kernel: SCSI subsystem initialized

Apr 07 02:16:15 localhost kernel: libata version 3.00 loaded.

Apr 07 02:16:15 localhost kernel: ACPI: bus type USB registered

Apr 07 02:16:15 localhost kernel: usbcore: registered new interface driver usbfs

Apr 07 02:16:15 localhost kernel: usbcore: registered new interface driver hub

Apr 07 02:16:15 localhost kernel: usbcore: registered new device driver usb

Apr 07 02:16:15 localhost kernel: pps_core: LinuxPPS API ver. 1 registered

Apr 07 02:16:15 localhost kernel: pps_core: Software ver. 5.3.6 - Copyright 2005-2007 Rodolfo Giometti <giometti@linux.it>

Apr 07 02:16:15 localhost kernel: PTP clock support registered

Apr 07 02:16:15 localhost kernel: EDAC MC: Ver: 3.0.0

Apr 07 02:16:15 localhost kernel: NetLabel: Initializing

Apr 07 02:16:15 localhost kernel: NetLabel:  domain hash size = 128

Apr 07 02:16:15 localhost kernel: NetLabel:  protocols = UNLABELED CIPSOv4 CALIPSO

Apr 07 02:16:15 localhost kernel: NetLabel:  unlabeled traffic allowed by default

Apr 07 02:16:15 localhost kernel: mctp: management component transport protocol core

Apr 07 02:16:15 localhost kernel: NET: Registered PF_MCTP protocol family

Apr 07 02:16:15 localhost kernel: PCI: Using ACPI for IRQ routing

Apr 07 02:16:15 localhost kernel: PCI: pci_cache_line_size set to 64 bytes

Apr 07 02:16:15 localhost kernel: e820: reserve RAM buffer [mem 0x0009fc00-0x0009ffff]

Apr 07 02:16:15 localhost kernel: e820: reserve RAM buffer [mem 0xbffda000-0xbfffffff]

Apr 07 02:16:15 localhost kernel: pci 0000:00:02.0: vgaarb: setting as boot VGA device

Apr 07 02:16:15 localhost kernel: pci 0000:00:02.0: vgaarb: bridge control possible

Apr 07 02:16:15 localhost kernel: pci 0000:00:02.0: vgaarb: VGA device added: decodes=io+mem,owns=io+mem,locks=none

Apr 07 02:16:15 localhost kernel: vgaarb: loaded

Apr 07 02:16:15 localhost kernel: hpet: 3 channels of 0 reserved for per-cpu timers

Apr 07 02:16:15 localhost kernel: hpet0: at MMIO 0xfed00000, IRQs 2, 8, 0

Apr 07 02:16:15 localhost kernel: hpet0: 3 comparators, 64-bit 100.000000 MHz counter

Apr 07 02:16:15 localhost kernel: clocksource: Switched to clocksource kvm-clock

Apr 07 02:16:15 localhost kernel: VFS: Disk quotas dquot_6.6.0

Apr 07 02:16:15 localhost kernel: VFS: Dquot-cache hash table entries: 512 (order 0, 4096 bytes)

Apr 07 02:16:15 localhost kernel: AppArmor: AppArmor Filesystem Enabled

Apr 07 02:16:15 localhost kernel: pnp: PnP ACPI init

Apr 07 02:16:15 localhost kernel: pnp 00:02: [dma 2]

Apr 07 02:16:15 localhost kernel: pnp: PnP ACPI: found 4 devices

Apr 07 02:16:15 localhost kernel: clocksource: acpi_pm: mask: 0xffffff max_cycles: 0xffffff, max_idle_ns: 2085701024 ns

Apr 07 02:16:15 localhost kernel: NET: Registered PF_INET protocol family

Apr 07 02:16:15 localhost kernel: IP idents hash table entries: 65536 (order: 7, 524288 bytes, linear)

Apr 07 02:16:15 localhost kernel: tcp_listen_portaddr_hash hash table entries: 2048 (order: 3, 32768 bytes, linear)

Apr 07 02:16:15 localhost kernel: Table-perturb hash table entries: 65536 (order: 6, 262144 bytes, linear)

Apr 07 02:16:15 localhost kernel: TCP established hash table entries: 32768 (order: 6, 262144 bytes, linear)

Apr 07 02:16:15 localhost kernel: TCP bind hash table entries: 32768 (order: 8, 1048576 bytes, linear)

Apr 07 02:16:15 localhost kernel: TCP: Hash tables configured (established 32768 bind 32768)

Apr 07 02:16:15 localhost kernel: MPTCP token hash table entries: 4096 (order: 4, 98304 bytes, linear)

Apr 07 02:16:15 localhost kernel: UDP hash table entries: 2048 (order: 4, 65536 bytes, linear)

Apr 07 02:16:15 localhost kernel: UDP-Lite hash table entries: 2048 (order: 4, 65536 bytes, linear)

Apr 07 02:16:15 localhost kernel: NET: Registered PF_UNIX/PF_LOCAL protocol family

Apr 07 02:16:15 localhost kernel: NET: Registered PF_XDP protocol family

Apr 07 02:16:15 localhost kernel: pci 0000:00:05.0: PCI bridge to [bus 01]

Apr 07 02:16:15 localhost kernel: pci 0000:00:05.0:   bridge window [io  0xe000-0xefff]

Apr 07 02:16:15 localhost kernel: pci 0000:00:05.0:   bridge window [mem 0xfe800000-0xfe9fffff]

Apr 07 02:16:15 localhost kernel: pci 0000:00:05.0:   bridge window [mem 0xc080000000-0xc09fffffff 64bit pref]

Apr 07 02:16:15 localhost kernel: pci 0000:00:1e.0: PCI bridge to [bus 02]

Apr 07 02:16:15 localhost kernel: pci 0000:00:1e.0:   bridge window [io  0xd000-0xdfff]

Apr 07 02:16:15 localhost kernel: pci 0000:00:1e.0:   bridge window [mem 0xfe600000-0xfe7fffff]

Apr 07 02:16:15 localhost kernel: pci 0000:00:1e.0:   bridge window [mem 0xc060000000-0xc07fffffff 64bit pref]

Apr 07 02:16:15 localhost kernel: pci 0000:00:1f.0: PCI bridge to [bus 03]

Apr 07 02:16:15 localhost kernel: pci 0000:00:1f.0:   bridge window [io  0xc000-0xcfff]

Apr 07 02:16:15 localhost kernel: pci 0000:00:1f.0:   bridge window [mem 0xfe400000-0xfe5fffff]

Apr 07 02:16:15 localhost kernel: pci 0000:00:1f.0:   bridge window [mem 0xc040000000-0xc05fffffff 64bit pref]

Apr 07 02:16:15 localhost kernel: pci_bus 0000:00: resource 4 [io  0x0000-0x0cf7 window]

Apr 07 02:16:15 localhost kernel: pci_bus 0000:00: resource 5 [io  0x0d00-0xffff window]

Apr 07 02:16:15 localhost kernel: pci_bus 0000:00: resource 6 [mem 0x000a0000-0x000bffff window]

Apr 07 02:16:15 localhost kernel: pci_bus 0000:00: resource 7 [mem 0xc0000000-0xfebfffff window]

Apr 07 02:16:15 localhost kernel: pci_bus 0000:00: resource 8 [mem 0xc000000000-0xc0a0007fff window]

Apr 07 02:16:15 localhost kernel: pci_bus 0000:01: resource 0 [io  0xe000-0xefff]

Apr 07 02:16:15 localhost kernel: pci_bus 0000:01: resource 1 [mem 0xfe800000-0xfe9fffff]

Apr 07 02:16:15 localhost kernel: pci_bus 0000:01: resource 2 [mem 0xc080000000-0xc09fffffff 64bit pref]

Apr 07 02:16:15 localhost kernel: pci_bus 0000:02: resource 0 [io  0xd000-0xdfff]

Apr 07 02:16:15 localhost kernel: pci_bus 0000:02: resource 1 [mem 0xfe600000-0xfe7fffff]

Apr 07 02:16:15 localhost kernel: pci_bus 0000:02: resource 2 [mem 0xc060000000-0xc07fffffff 64bit pref]

Apr 07 02:16:15 localhost kernel: pci_bus 0000:03: resource 0 [io  0xc000-0xcfff]

Apr 07 02:16:15 localhost kernel: pci_bus 0000:03: resource 1 [mem 0xfe400000-0xfe5fffff]

Apr 07 02:16:15 localhost kernel: pci_bus 0000:03: resource 2 [mem 0xc040000000-0xc05fffffff 64bit pref]

Apr 07 02:16:15 localhost kernel: pci 0000:00:01.0: PIIX3: Enabling Passive Release

Apr 07 02:16:15 localhost kernel: pci 0000:00:00.0: Limiting direct PCI/PCI transfers

Apr 07 02:16:15 localhost kernel: ACPI: \_SB_.LNKD: Enabled at IRQ 11

Apr 07 02:16:15 localhost kernel: PCI: CLS 0 bytes, default 64

Apr 07 02:16:15 localhost kernel: PCI-DMA: Using software bounce buffering for IO (SWIOTLB)

Apr 07 02:16:15 localhost kernel: software IO TLB: mapped [mem 0x00000000bbfda000-0x00000000bffda000] (64MB)

Apr 07 02:16:15 localhost kernel: Trying to unpack rootfs image as initramfs...

Apr 07 02:16:15 localhost kernel: Initialise system trusted keyrings

Apr 07 02:16:15 localhost kernel: Key type blacklist registered

Apr 07 02:16:15 localhost kernel: workingset: timestamp_bits=36 max_order=20 bucket_order=0

Apr 07 02:16:15 localhost kernel: zbud: loaded

Apr 07 02:16:15 localhost kernel: squashfs: version 4.0 (2009/01/31) Phillip Lougher

Apr 07 02:16:15 localhost kernel: fuse: init (API version 7.39)

Apr 07 02:16:15 localhost kernel: integrity: Platform Keyring initialized

Apr 07 02:16:15 localhost kernel: integrity: Machine keyring initialized

Apr 07 02:16:15 localhost kernel: Key type asymmetric registered

Apr 07 02:16:15 localhost kernel: Asymmetric key parser 'x509' registered

Apr 07 02:16:15 localhost kernel: Block layer SCSI generic (bsg) driver version 0.4 loaded (major 243)

Apr 07 02:16:15 localhost kernel: io scheduler mq-deadline registered

Apr 07 02:16:15 localhost kernel: shpchp 0000:00:05.0: Requesting control of SHPC hotplug via OSHP (\_SB_.PCI0.S28_)

Apr 07 02:16:15 localhost kernel: shpchp 0000:00:05.0: Requesting control of SHPC hotplug via OSHP (\_SB_.PCI0)

Apr 07 02:16:15 localhost kernel: shpchp 0000:00:05.0: Cannot get control of SHPC hotplug

Apr 07 02:16:15 localhost kernel: shpchp 0000:00:1e.0: Requesting control of SHPC hotplug via OSHP (\_SB_.PCI0.SF0_)

Apr 07 02:16:15 localhost kernel: shpchp 0000:00:1e.0: Requesting control of SHPC hotplug via OSHP (\_SB_.PCI0)

Apr 07 02:16:15 localhost kernel: shpchp 0000:00:1e.0: Cannot get control of SHPC hotplug

Apr 07 02:16:15 localhost kernel: shpchp 0000:00:1f.0: Requesting control of SHPC hotplug via OSHP (\_SB_.PCI0.SF8_)

Apr 07 02:16:15 localhost kernel: shpchp 0000:00:1f.0: Requesting control of SHPC hotplug via OSHP (\_SB_.PCI0)

Apr 07 02:16:15 localhost kernel: shpchp 0000:00:1f.0: Cannot get control of SHPC hotplug

Apr 07 02:16:15 localhost kernel: shpchp: Standard Hot Plug PCI Controller Driver version: 0.4

Apr 07 02:16:15 localhost kernel: input: Power Button as /devices/LNXSYSTM:00/LNXPWRBN:00/input/input0

Apr 07 02:16:15 localhost kernel: ACPI: button: Power Button [PWRF]

Apr 07 02:16:15 localhost kernel: ACPI: \_SB_.LNKC: Enabled at IRQ 10

Apr 07 02:16:15 localhost kernel: ACPI: \_SB_.LNKA: Enabled at IRQ 10

Apr 07 02:16:15 localhost kernel: ACPI: \_SB_.LNKB: Enabled at IRQ 11

Apr 07 02:16:15 localhost kernel: Free page reporting enabled

Apr 07 02:16:15 localhost kernel: Serial: 8250/16550 driver, 32 ports, IRQ sharing enabled

Apr 07 02:16:15 localhost kernel: Linux agpgart interface v0.103

Apr 07 02:16:15 localhost kernel: loop: module loaded

Apr 07 02:16:15 localhost kernel: virtio_scsi virtio2: 2/0/0 default/read/poll queues

Apr 07 02:16:15 localhost kernel: scsi host0: Virtio SCSI HBA

Apr 07 02:16:15 localhost kernel: scsi 0:0:0:0: Direct-Access     QEMU     QEMU HARDDISK    2.5+ PQ: 0 ANSI: 5

Apr 07 02:16:15 localhost kernel: ata_piix 0000:00:01.1: version 2.13

Apr 07 02:16:15 localhost kernel: scsi host1: ata_piix

Apr 07 02:16:15 localhost kernel: scsi host2: ata_piix

Apr 07 02:16:15 localhost kernel: ata1: PATA max MWDMA2 cmd 0x1f0 ctl 0x3f6 bmdma 0xf0e0 irq 14 lpm-pol 0

Apr 07 02:16:15 localhost kernel: ata2: PATA max MWDMA2 cmd 0x170 ctl 0x376 bmdma 0xf0e8 irq 15 lpm-pol 0

Apr 07 02:16:15 localhost kernel: ACPI: bus type drm_connector registered

Apr 07 02:16:15 localhost kernel: tun: Universal TUN/TAP device driver, 1.6

Apr 07 02:16:15 localhost kernel: PPP generic driver version 2.4.2

Apr 07 02:16:15 localhost kernel: uhci_hcd 0000:00:01.2: UHCI Host Controller

Apr 07 02:16:15 localhost kernel: uhci_hcd 0000:00:01.2: new USB bus registered, assigned bus number 1

Apr 07 02:16:15 localhost kernel: uhci_hcd 0000:00:01.2: detected 2 ports

Apr 07 02:16:15 localhost kernel: uhci_hcd 0000:00:01.2: irq 11, io port 0x0000f0c0

Apr 07 02:16:15 localhost kernel: usb usb1: New USB device found, idVendor=1d6b, idProduct=0001, bcdDevice= 6.08

Apr 07 02:16:15 localhost kernel: usb usb1: New USB device strings: Mfr=3, Product=2, SerialNumber=1

Apr 07 02:16:15 localhost kernel: usb usb1: Product: UHCI Host Controller

Apr 07 02:16:15 localhost kernel: usb usb1: Manufacturer: Linux 6.8.0-57-generic uhci_hcd

Apr 07 02:16:15 localhost kernel: usb usb1: SerialNumber: 0000:00:01.2

Apr 07 02:16:15 localhost kernel: hub 1-0:1.0: USB hub found

Apr 07 02:16:15 localhost kernel: hub 1-0:1.0: 2 ports detected

Apr 07 02:16:15 localhost kernel: i8042: PNP: PS/2 Controller [PNP0303:KBD,PNP0f13:MOU] at 0x60,0x64 irq 1,12

Apr 07 02:16:15 localhost kernel: serio: i8042 KBD port at 0x60,0x64 irq 1

Apr 07 02:16:15 localhost kernel: serio: i8042 AUX port at 0x60,0x64 irq 12

Apr 07 02:16:15 localhost kernel: mousedev: PS/2 mouse device common for all mice

Apr 07 02:16:15 localhost kernel: sd 0:0:0:0: Attached scsi generic sg0 type 0

Apr 07 02:16:15 localhost kernel: sd 0:0:0:0: Power-on or device reset occurred

Apr 07 02:16:15 localhost kernel: rtc_cmos 00:03: RTC can wake from S4

Apr 07 02:16:15 localhost kernel: sd 0:0:0:0: [sda] 67108864 512-byte logical blocks: (34.4 GB/32.0 GiB)

Apr 07 02:16:15 localhost kernel: sd 0:0:0:0: [sda] Write Protect is off

Apr 07 02:16:15 localhost kernel: sd 0:0:0:0: [sda] Mode Sense: 63 00 00 08

Apr 07 02:16:15 localhost kernel: input: AT Translated Set 2 keyboard as /devices/platform/i8042/serio0/input/input1

Apr 07 02:16:15 localhost kernel: sd 0:0:0:0: [sda] Write cache: enabled, read cache: enabled, doesn't support DPO or FUA

Apr 07 02:16:15 localhost kernel: rtc_cmos 00:03: registered as rtc0

Apr 07 02:16:15 localhost kernel: rtc_cmos 00:03: setting system clock to 2025-04-07T02:15:19 UTC (1743992119)

Apr 07 02:16:15 localhost kernel: rtc_cmos 00:03: alarms up to one day, y3k, 242 bytes nvram, hpet irqs

Apr 07 02:16:15 localhost kernel: i2c_dev: i2c /dev entries driver

Apr 07 02:16:15 localhost kernel: device-mapper: core: CONFIG_IMA_DISABLE_HTABLE is disabled. Duplicate IMA measurements will not be recorded in the IMA log.

Apr 07 02:16:15 localhost kernel: device-mapper: uevent: version 1.0.3

Apr 07 02:16:15 localhost kernel: device-mapper: ioctl: 4.48.0-ioctl (2023-03-01) initialised: dm-devel@redhat.com

Apr 07 02:16:15 localhost kernel: platform eisa.0: Probing EISA bus 0

Apr 07 02:16:15 localhost kernel: platform eisa.0: EISA: Cannot allocate resource for mainboard

Apr 07 02:16:15 localhost kernel: platform eisa.0: Cannot allocate resource for EISA slot 1

Apr 07 02:16:15 localhost kernel: platform eisa.0: Cannot allocate resource for EISA slot 2

Apr 07 02:16:15 localhost kernel: platform eisa.0: Cannot allocate resource for EISA slot 3

Apr 07 02:16:15 localhost kernel: platform eisa.0: Cannot allocate resource for EISA slot 4

Apr 07 02:16:15 localhost kernel: platform eisa.0: Cannot allocate resource for EISA slot 5

Apr 07 02:16:15 localhost kernel: platform eisa.0: Cannot allocate resource for EISA slot 6

Apr 07 02:16:15 localhost kernel: platform eisa.0: Cannot allocate resource for EISA slot 7

Apr 07 02:16:15 localhost kernel: platform eisa.0: Cannot allocate resource for EISA slot 8

Apr 07 02:16:15 localhost kernel: platform eisa.0: EISA: Detected 0 cards

Apr 07 02:16:15 localhost kernel: amd_pstate: the _CPC object is not present in SBIOS or ACPI disabled

Apr 07 02:16:15 localhost kernel: ledtrig-cpu: registered to indicate activity on CPUs

Apr 07 02:16:15 localhost kernel: [drm] Initialized simpledrm 1.0.0 20200625 for simple-framebuffer.0 on minor 0

Apr 07 02:16:15 localhost kernel: Console: switching to colour frame buffer device 100x37

Apr 07 02:16:15 localhost kernel: simple-framebuffer simple-framebuffer.0: [drm] fb0: simpledrmdrmfb frame buffer device

Apr 07 02:16:15 localhost kernel: drop_monitor: Initializing network drop monitor service

Apr 07 02:16:15 localhost kernel: NET: Registered PF_INET6 protocol family

Apr 07 02:16:15 localhost kernel: Freeing initrd memory: 67144K

Apr 07 02:16:15 localhost kernel: Segment Routing with IPv6

Apr 07 02:16:15 localhost kernel: In-situ OAM (IOAM) with IPv6

Apr 07 02:16:15 localhost kernel: NET: Registered PF_PACKET protocol family

Apr 07 02:16:15 localhost kernel: Key type dns_resolver registered

Apr 07 02:16:15 localhost kernel: IPI shorthand broadcast: enabled

Apr 07 02:16:15 localhost kernel: sched_clock: Marking stable (583007911, 1406372)->(587357708, -2943425)

Apr 07 02:16:15 localhost kernel: registered taskstats version 1

Apr 07 02:16:15 localhost kernel: Loading compiled-in X.509 certificates

Apr 07 02:16:15 localhost kernel: Loaded X.509 cert 'Build time autogenerated kernel key: 314db5b871207b67c6af73164cb9641e90a23972'

Apr 07 02:16:15 localhost kernel: Loaded X.509 cert 'Canonical Ltd. Live Patch Signing: 14df34d1a87cf37625abec039ef2bf521249b969'

Apr 07 02:16:15 localhost kernel: Loaded X.509 cert 'Canonical Ltd. Kernel Module Signing: 88f752e560a1e0737e31163a466ad7b70a850c19'

Apr 07 02:16:15 localhost kernel: blacklist: Loading compiled-in revocation X.509 certificates

Apr 07 02:16:15 localhost kernel: Loaded X.509 cert 'Canonical Ltd. Secure Boot Signing: 61482aa2830d0ab2ad5af10b7250da9033ddcef0'

Apr 07 02:16:15 localhost kernel: Loaded X.509 cert 'Canonical Ltd. Secure Boot Signing (2017): 242ade75ac4a15e50d50c84b0d45ff3eae707a03'

Apr 07 02:16:15 localhost kernel: Loaded X.509 cert 'Canonical Ltd. Secure Boot Signing (ESM 2018): 365188c1d374d6b07c3c8f240f8ef722433d6a8b'

Apr 07 02:16:15 localhost kernel: Loaded X.509 cert 'Canonical Ltd. Secure Boot Signing (2019): c0746fd6c5da3ae827864651ad66ae47fe24b3e8'

Apr 07 02:16:15 localhost kernel: Loaded X.509 cert 'Canonical Ltd. Secure Boot Signing (2021 v1): a8d54bbb3825cfb94fa13c9f8a594a195c107b8d'

Apr 07 02:16:15 localhost kernel: Loaded X.509 cert 'Canonical Ltd. Secure Boot Signing (2021 v2): 4cf046892d6fd3c9a5b03f98d845f90851dc6a8c'

Apr 07 02:16:15 localhost kernel: Loaded X.509 cert 'Canonical Ltd. Secure Boot Signing (2021 v3): 100437bb6de6e469b581e61cd66bce3ef4ed53af'

Apr 07 02:16:15 localhost kernel: Loaded X.509 cert 'Canonical Ltd. Secure Boot Signing (Ubuntu Core 2019): c1d57b8f6b743f23ee41f4f7ee292f06eecadfb9'

Apr 07 02:16:15 localhost kernel: Key type .fscrypt registered

Apr 07 02:16:15 localhost kernel: Key type fscrypt-provisioning registered

Apr 07 02:16:15 localhost kernel: cryptd: max_cpu_qlen set to 1000

Apr 07 02:16:15 localhost kernel: ata2: found unknown device (class 0)

Apr 07 02:16:15 localhost kernel: ata2.00: ATAPI: QEMU DVD-ROM, 2.5+, max UDMA/100

Apr 07 02:16:15 localhost kernel: scsi 2:0:0:0: CD-ROM            QEMU     QEMU DVD-ROM     2.5+ PQ: 0 ANSI: 5

Apr 07 02:16:15 localhost kernel: sr 2:0:0:0: [sr0] scsi3-mmc drive: 4x/4x cd/rw xa/form2 tray

Apr 07 02:16:15 localhost kernel: cdrom: Uniform CD-ROM driver Revision: 3.20

Apr 07 02:16:15 localhost kernel: sr 2:0:0:0: Attached scsi CD-ROM sr0

Apr 07 02:16:15 localhost kernel: sr 2:0:0:0: Attached scsi generic sg1 type 5

Apr 07 02:16:15 localhost kernel: usb 1-1: new full-speed USB device number 2 using uhci_hcd

Apr 07 02:16:15 localhost kernel: usb 1-1: New USB device found, idVendor=0627, idProduct=0001, bcdDevice= 0.00

Apr 07 02:16:15 localhost kernel: usb 1-1: New USB device strings: Mfr=1, Product=3, SerialNumber=10

Apr 07 02:16:15 localhost kernel: usb 1-1: Product: QEMU USB Tablet

Apr 07 02:16:15 localhost kernel: usb 1-1: Manufacturer: QEMU

Apr 07 02:16:15 localhost kernel: usb 1-1: SerialNumber: 28754-0000:00:01.2-1

Apr 07 02:16:15 localhost kernel:  sda: sda1 sda2 sda3

Apr 07 02:16:15 localhost kernel: sd 0:0:0:0: [sda] Attached SCSI disk

Apr 07 02:16:15 localhost kernel: SSE version of gcm_enc/dec engaged.

Apr 07 02:16:15 localhost kernel: Key type encrypted registered

Apr 07 02:16:15 localhost kernel: AppArmor: AppArmor sha256 policy hashing enabled

Apr 07 02:16:15 localhost kernel: ima: No TPM chip found, activating TPM-bypass!

Apr 07 02:16:15 localhost kernel: Loading compiled-in module X.509 certificates

Apr 07 02:16:15 localhost kernel: Loaded X.509 cert 'Build time autogenerated kernel key: 314db5b871207b67c6af73164cb9641e90a23972'

Apr 07 02:16:15 localhost kernel: ima: Allocated hash algorithm: sha256

Apr 07 02:16:15 localhost kernel: ima: No architecture policies found

Apr 07 02:16:15 localhost kernel: evm: Initialising EVM extended attributes:

Apr 07 02:16:15 localhost kernel: evm: security.selinux

Apr 07 02:16:15 localhost kernel: evm: security.SMACK64

Apr 07 02:16:15 localhost kernel: evm: security.SMACK64EXEC

Apr 07 02:16:15 localhost kernel: evm: security.SMACK64TRANSMUTE

Apr 07 02:16:15 localhost kernel: evm: security.SMACK64MMAP

Apr 07 02:16:15 localhost kernel: evm: security.apparmor

Apr 07 02:16:15 localhost kernel: evm: security.ima

Apr 07 02:16:15 localhost kernel: evm: security.capability

Apr 07 02:16:15 localhost kernel: evm: HMAC attrs: 0x1

Apr 07 02:16:15 localhost kernel: PM:   Magic number: 5:441:257

Apr 07 02:16:15 localhost kernel: powernow_k8: Power state transitions not supported

Apr 07 02:16:15 localhost kernel: powernow_k8: Power state transitions not supported

Apr 07 02:16:15 localhost kernel: RAS: Correctable Errors collector initialized.

Apr 07 02:16:15 localhost kernel: clk: Disabling unused clocks

Apr 07 02:16:15 localhost kernel: Freeing unused decrypted memory: 2028K

Apr 07 02:16:15 localhost kernel: Freeing unused kernel image (initmem) memory: 4988K

Apr 07 02:16:15 localhost kernel: Write protecting the kernel read-only data: 38912k

Apr 07 02:16:15 localhost kernel: Freeing unused kernel image (rodata/data gap) memory: 2040K

Apr 07 02:16:15 localhost kernel: x86/mm: Checked W+X mappings: passed, no W+X pages found.

Apr 07 02:16:15 localhost kernel: Run /init as init process

Apr 07 02:16:15 localhost kernel:   with arguments:

Apr 07 02:16:15 localhost kernel:     /init

Apr 07 02:16:15 localhost kernel:   with environment:

Apr 07 02:16:15 localhost kernel:     HOME=/

Apr 07 02:16:15 localhost kernel:     TERM=linux

Apr 07 02:16:15 localhost kernel:     BOOT_IMAGE=/vmlinuz-6.8.0-57-generic

Apr 07 02:16:15 localhost kernel: hid: raw HID events driver (C) Jiri Kosina

Apr 07 02:16:15 localhost kernel: e1000: Intel(R) PRO/1000 Network Driver

Apr 07 02:16:15 localhost kernel: e1000: Copyright (c) 1999-2006 Intel Corporation.

Apr 07 02:16:15 localhost kernel: usbcore: registered new interface driver usbhid

Apr 07 02:16:15 localhost kernel: usbhid: USB HID core driver

Apr 07 02:16:15 localhost kernel: FDC 0 is a S82078B

Apr 07 02:16:15 localhost kernel: input: VirtualPS/2 VMware VMMouse as /devices/platform/i8042/serio1/input/input4

Apr 07 02:16:15 localhost kernel: input: VirtualPS/2 VMware VMMouse as /devices/platform/i8042/serio1/input/input3

Apr 07 02:16:15 localhost kernel: input: QEMU QEMU USB Tablet as /devices/pci0000:00/0000:00:01.2/usb1/1-1/1-1:1.0/0003:0627:0001.0001/input/input5

Apr 07 02:16:15 localhost kernel: hid-generic 0003:0627:0001.0001: input,hidraw0: USB HID v0.01 Mouse [QEMU QEMU USB Tablet] on usb-0000:00:01.2-1/input0

Apr 07 02:16:15 localhost kernel: Console: switching to colour dummy device 80x25

Apr 07 02:16:15 localhost kernel: bochs-drm 0000:00:02.0: vgaarb: deactivate vga console

Apr 07 02:16:15 localhost kernel: [drm] Found bochs VGA, ID 0xb0c5.

Apr 07 02:16:15 localhost kernel: [drm] Framebuffer size 16384 kB @ 0xfd000000, mmio @ 0xfea70000.

Apr 07 02:16:15 localhost kernel: [drm] Found EDID data blob.

Apr 07 02:16:15 localhost kernel: [drm] Initialized bochs-drm 1.0.0 20130925 for 0000:00:02.0 on minor 0

Apr 07 02:16:15 localhost kernel: fbcon: bochs-drmdrmfb (fb0) is primary device

Apr 07 02:16:15 localhost kernel: Console: switching to colour frame buffer device 160x50

Apr 07 02:16:15 localhost kernel: bochs-drm 0000:00:02.0: [drm] fb0: bochs-drmdrmfb frame buffer device

Apr 07 02:16:15 localhost kernel: e1000 0000:00:12.0 eth0: (PCI:33MHz:32-bit) bc:24:fe:19:46:6d

Apr 07 02:16:15 localhost kernel: e1000 0000:00:12.0 eth0: Intel(R) PRO/1000 Network Connection

Apr 07 02:16:15 localhost kernel: e1000 0000:00:12.0 ens18: renamed from eth0

Apr 07 02:16:15 localhost kernel: random: crng init done

Apr 07 02:16:15 localhost kernel: raid6: sse2x4   gen() 17135 MB/s

Apr 07 02:16:15 localhost kernel: raid6: sse2x2   gen()  5349 MB/s

Apr 07 02:16:15 localhost kernel: raid6: sse2x1   gen()  1287 MB/s

Apr 07 02:16:15 localhost kernel: raid6: using algorithm sse2x4 gen() 17135 MB/s

Apr 07 02:16:15 localhost kernel: raid6: .... xor() 3848 MB/s, rmw enabled

Apr 07 02:16:15 localhost kernel: raid6: using ssse3x2 recovery algorithm

Apr 07 02:16:15 localhost kernel: xor: measuring software checksum speed

Apr 07 02:16:15 localhost kernel:    prefetch64-sse  : 23513 MB/sec

Apr 07 02:16:15 localhost kernel:    generic_sse     : 23569 MB/sec

Apr 07 02:16:15 localhost kernel: xor: using function: generic_sse (23569 MB/sec)

Apr 07 02:16:15 localhost kernel: async_tx: api initialized (async)

Apr 07 02:16:15 localhost kernel: Btrfs loaded, zoned=yes, fsverity=yes

Apr 07 02:16:15 localhost kernel: workqueue: drm_fb_helper_damage_work hogged CPU for >10000us 4 times, consider switching to WQ_UNBOUND

Apr 07 02:16:15 localhost kernel: EXT4-fs (dm-0): mounted filesystem 78dfc1ab-05ce-40b9-a2f8-2f3e03168145 ro with ordered data mode. Quota mode: none.

Apr 07 02:16:15 localhost kernel: workqueue: drm_fb_helper_damage_work hogged CPU for >10000us 8 times, consider switching to WQ_UNBOUND

Apr 07 02:16:15 localhost systemd[1]: Inserted module 'autofs4'

Apr 07 02:16:15 localhost systemd[1]: systemd 255.4-1ubuntu8.5 running in system mode (+PAM +AUDIT +SELINUX +APPARMOR +IMA +SMACK +SECCOMP +GCRYPT -GNUTLS +OPENSSL +ACL +BLKID +CURL +ELFUTILS +FIDO2 +IDN2 -IDN +IPTC +KMOD +LIBCRYPTSETUP +LIBFDISK +PCRE2 -PWQUALITY +P11KIT +QRENCODE +TPM2 +BZIP2 +LZ4 +XZ +ZLIB +ZSTD -BPF_FRAMEWORK -XKBCOMMON +UTMP +SYSVINIT default-hierarchy=unified)

Apr 07 02:16:15 localhost systemd[1]: Detected virtualization kvm.

Apr 07 02:16:15 localhost systemd[1]: Detected architecture x86-64.

Apr 07 02:16:15 localhost systemd[1]: No hostname configured, using default hostname.

Apr 07 02:16:15 localhost systemd[1]: Hostname set to <localhost>.

Apr 07 02:16:15 localhost systemd[1]: Queued start job for default target graphical.target.

Apr 07 02:16:15 localhost systemd[1]: Created slice system-modprobe.slice - Slice /system/modprobe.

Apr 07 02:16:15 localhost systemd[1]: Created slice system-systemd\x2dfsck.slice - Slice /system/systemd-fsck.

Apr 07 02:16:15 localhost systemd[1]: Created slice user.slice - User and Session Slice.

Apr 07 02:16:15 localhost systemd[1]: Started systemd-ask-password-wall.path - Forward Password Requests to Wall Directory Watch.

Apr 07 02:16:15 localhost systemd[1]: Set up automount proc-sys-fs-binfmt_misc.automount - Arbitrary Executable File Formats File System Automount Point.

Apr 07 02:16:15 localhost systemd[1]: Expecting device dev-disk-by\x2duuid-c3f8f018\x2df5f7\x2d4a5d\x2d92a1\x2d12ee87108672.device - /dev/disk/by-uuid/c3f8f018-f5f7-4a5d-92a1-12ee87108672...

Apr 07 02:16:15 localhost systemd[1]: Reached target integritysetup.target - Local Integrity Protected Volumes.

Apr 07 02:16:15 localhost systemd[1]: Reached target slices.target - Slice Units.

Apr 07 02:16:15 localhost systemd[1]: Reached target snapd.mounts-pre.target - Mounting snaps.

Apr 07 02:16:15 localhost systemd[1]: Reached target snapd.mounts.target - Mounted snaps.

Apr 07 02:16:15 localhost systemd[1]: Reached target veritysetup.target - Local Verity Protected Volumes.

Apr 07 02:16:15 localhost systemd[1]: Listening on dm-event.socket - Device-mapper event daemon FIFOs.

Apr 07 02:16:15 localhost systemd[1]: Listening on lvm2-lvmpolld.socket - LVM2 poll daemon socket.

Apr 07 02:16:15 localhost systemd[1]: Listening on multipathd.socket - multipathd control socket.

Apr 07 02:16:15 localhost systemd[1]: Listening on syslog.socket - Syslog Socket.

Apr 07 02:16:15 localhost systemd[1]: Listening on systemd-fsckd.socket - fsck to fsckd communication Socket.

Apr 07 02:16:15 localhost systemd[1]: Listening on systemd-initctl.socket - initctl Compatibility Named Pipe.

Apr 07 02:16:15 localhost kernel: workqueue: drm_fb_helper_damage_work hogged CPU for >10000us 16 times, consider switching to WQ_UNBOUND

Apr 07 02:16:15 localhost systemd[1]: Listening on systemd-journald-dev-log.socket - Journal Socket (/dev/log).

Apr 07 02:16:15 localhost systemd[1]: Listening on systemd-journald.socket - Journal Socket.

Apr 07 02:16:15 localhost systemd[1]: Listening on systemd-networkd.socket - Network Service Netlink Socket.

Apr 07 02:16:15 localhost systemd[1]: systemd-pcrextend.socket - TPM2 PCR Extension (Varlink) was skipped because of an unmet condition check (ConditionSecurity=measured-uki).

Apr 07 02:16:15 localhost systemd[1]: Listening on systemd-udevd-control.socket - udev Control Socket.

Apr 07 02:16:15 localhost systemd[1]: Listening on systemd-udevd-kernel.socket - udev Kernel Socket.

Apr 07 02:16:15 localhost systemd[1]: Mounting dev-hugepages.mount - Huge Pages File System...

Apr 07 02:16:15 localhost systemd[1]: Mounting dev-mqueue.mount - POSIX Message Queue File System...

Apr 07 02:16:15 localhost systemd[1]: Mounting sys-kernel-debug.mount - Kernel Debug File System...

Apr 07 02:16:15 localhost systemd[1]: Mounting sys-kernel-tracing.mount - Kernel Trace File System...

Apr 07 02:16:15 localhost systemd[1]: Starting systemd-journald.service - Journal Service...

Apr 07 02:16:15 localhost systemd[1]: Starting keyboard-setup.service - Set the console keyboard layout...

Apr 07 02:16:15 localhost systemd[1]: Starting kmod-static-nodes.service - Create List of Static Device Nodes...

Apr 07 02:16:15 localhost systemd[1]: Starting lvm2-monitor.service - Monitoring of LVM2 mirrors, snapshots etc. using dmeventd or progress polling...

Apr 07 02:16:15 localhost systemd[1]: Starting modprobe@configfs.service - Load Kernel Module configfs...

Apr 07 02:16:15 localhost systemd[1]: Starting modprobe@dm_mod.service - Load Kernel Module dm_mod...

Apr 07 02:16:15 localhost systemd[1]: Starting modprobe@drm.service - Load Kernel Module drm...

Apr 07 02:16:15 localhost systemd[1]: Starting modprobe@efi_pstore.service - Load Kernel Module efi_pstore...

Apr 07 02:16:15 localhost systemd[1]: Starting modprobe@fuse.service - Load Kernel Module fuse...

Apr 07 02:16:15 localhost systemd[1]: Starting modprobe@loop.service - Load Kernel Module loop...

Apr 07 02:16:15 localhost systemd[1]: netplan-ovs-cleanup.service - OpenVSwitch configuration for cleanup was skipped because of an unmet condition check (ConditionFileIsExecutable=/usr/bin/ovs-vsctl).

Apr 07 02:16:15 localhost systemd[1]: systemd-fsck-root.service - File System Check on Root Device was skipped because of an unmet condition check (ConditionPathExists=!/run/initramfs/fsck-root).

Apr 07 02:16:15 localhost systemd[1]: Starting systemd-modules-load.service - Load Kernel Modules...

Apr 07 02:16:15 localhost systemd[1]: systemd-pcrmachine.service - TPM2 PCR Machine ID Measurement was skipped because of an unmet condition check (ConditionSecurity=measured-uki).

Apr 07 02:16:15 localhost systemd[1]: Starting systemd-remount-fs.service - Remount Root and Kernel File Systems...

Apr 07 02:16:15 localhost systemd[1]: systemd-tpm2-setup-early.service - TPM2 SRK Setup (Early) was skipped because of an unmet condition check (ConditionSecurity=measured-uki).

Apr 07 02:16:15 localhost systemd[1]: Starting systemd-udev-trigger.service - Coldplug All udev Devices...

Apr 07 02:16:15 localhost systemd[1]: Mounted dev-hugepages.mount - Huge Pages File System.

Apr 07 02:16:15 localhost systemd[1]: Mounted dev-mqueue.mount - POSIX Message Queue File System.

Apr 07 02:16:15 localhost systemd[1]: Mounted sys-kernel-debug.mount - Kernel Debug File System.

Apr 07 02:16:15 localhost systemd[1]: Mounted sys-kernel-tracing.mount - Kernel Trace File System.

Apr 07 02:16:15 localhost systemd[1]: Finished kmod-static-nodes.service - Create List of Static Device Nodes.

Apr 07 02:16:15 localhost systemd[1]: modprobe@configfs.service: Deactivated successfully.

Apr 07 02:16:15 localhost systemd[1]: Finished modprobe@configfs.service - Load Kernel Module configfs.

Apr 07 02:16:15 localhost systemd[1]: modprobe@dm_mod.service: Deactivated successfully.

Apr 07 02:16:15 localhost systemd[1]: Finished modprobe@dm_mod.service - Load Kernel Module dm_mod.

Apr 07 02:16:15 localhost systemd[1]: modprobe@drm.service: Deactivated successfully.

Apr 07 02:16:15 localhost systemd[1]: Finished modprobe@drm.service - Load Kernel Module drm.

Apr 07 02:16:15 localhost systemd[1]: modprobe@efi_pstore.service: Deactivated successfully.

Apr 07 02:16:15 localhost systemd[1]: Finished modprobe@efi_pstore.service - Load Kernel Module efi_pstore.

Apr 07 02:16:15 localhost systemd[1]: modprobe@fuse.service: Deactivated successfully.

Apr 07 02:16:15 localhost systemd[1]: Finished modprobe@fuse.service - Load Kernel Module fuse.

Apr 07 02:16:15 localhost systemd[1]: modprobe@loop.service: Deactivated successfully.

Apr 07 02:16:15 localhost systemd[1]: Finished modprobe@loop.service - Load Kernel Module loop.

Apr 07 02:16:15 localhost systemd[1]: Mounting sys-fs-fuse-connections.mount - FUSE Control File System...

Apr 07 02:16:15 localhost systemd[1]: Mounting sys-kernel-config.mount - Kernel Configuration File System...

Apr 07 02:16:15 localhost systemd[1]: systemd-repart.service - Repartition Root Disk was skipped because no trigger condition checks were met.

Apr 07 02:16:15 localhost systemd[1]: Starting systemd-tmpfiles-setup-dev-early.service - Create Static Device Nodes in /dev gracefully...

Apr 07 02:16:15 localhost systemd[1]: Mounted sys-fs-fuse-connections.mount - FUSE Control File System.

Apr 07 02:16:15 localhost systemd[1]: Mounted sys-kernel-config.mount - Kernel Configuration File System.

Apr 07 02:16:15 localhost kernel: EXT4-fs (dm-0): re-mounted 78dfc1ab-05ce-40b9-a2f8-2f3e03168145 r/w. Quota mode: none.

Apr 07 02:16:15 localhost systemd[1]: Finished systemd-remount-fs.service - Remount Root and Kernel File Systems.

Apr 07 02:16:15 localhost systemd[1]: Activating swap swap.img.swap - /swap.img...

Apr 07 02:16:15 localhost systemd[1]: Starting multipathd.service - Device-Mapper Multipath Device Controller...

Apr 07 02:16:15 localhost kernel: Adding 3261436k swap on /swap.img.  Priority:-2 extents:7 across:5735424k 

Apr 07 02:16:15 localhost systemd[1]: systemd-hwdb-update.service - Rebuild Hardware Database was skipped because of an unmet condition check (ConditionNeedsUpdate=/etc).

Apr 07 02:16:15 localhost systemd[1]: systemd-pstore.service - Platform Persistent Storage Archival was skipped because of an unmet condition check (ConditionDirectoryNotEmpty=/sys/fs/pstore).

Apr 07 02:16:15 localhost systemd[1]: Starting systemd-random-seed.service - Load/Save OS Random Seed...

Apr 07 02:16:15 localhost systemd[1]: systemd-tpm2-setup.service - TPM2 SRK Setup was skipped because of an unmet condition check (ConditionSecurity=measured-uki).

Apr 07 02:16:15 localhost systemd[1]: Activated swap swap.img.swap - /swap.img.

Apr 07 02:16:15 localhost systemd[1]: Finished keyboard-setup.service - Set the console keyboard layout.

Apr 07 02:16:15 localhost systemd[1]: Reached target swap.target - Swaps.

Apr 07 02:16:15 localhost systemd-journald[304]: Collecting audit messages is disabled.

Apr 07 02:16:15 localhost systemd[1]: Finished systemd-tmpfiles-setup-dev-early.service - Create Static Device Nodes in /dev gracefully.

Apr 07 02:16:15 localhost systemd[1]: systemd-sysusers.service - Create System Users was skipped because no trigger condition checks were met.

Apr 07 02:16:15 localhost systemd-journald[304]: Journal started

Apr 07 02:16:15 localhost systemd-journald[304]: Runtime Journal (/run/log/journal/560b026a44d3424ea490d29e1a7e2775) is 2.3M, max 18.6M, 16.3M free.

Apr 07 02:16:15 localhost systemd[1]: Starting systemd-tmpfiles-setup-dev.service - Create Static Device Nodes in /dev...

Apr 07 02:16:15 localhost systemd-modules-load[316]: Inserted module 'msr'

Apr 07 02:16:15 localhost systemd[1]: Started systemd-journald.service - Journal Service.

Apr 07 02:16:15 localhost systemd[1]: Finished systemd-tmpfiles-setup-dev.service - Create Static Device Nodes in /dev.

Apr 07 02:16:15 localhost systemd[1]: Starting systemd-journal-flush.service - Flush Journal to Persistent Storage...

Apr 07 02:16:15 localhost systemd[1]: Starting systemd-udevd.service - Rule-based Manager for Device Events and Files...

Apr 07 02:16:15 localhost systemd[1]: Finished systemd-modules-load.service - Load Kernel Modules.

Apr 07 02:16:15 localhost systemd-journald[304]: Time spent on flushing to /var/log/journal/560b026a44d3424ea490d29e1a7e2775 is 3.665ms for 788 entries.

Apr 07 02:16:15 localhost systemd-journald[304]: System Journal (/var/log/journal/560b026a44d3424ea490d29e1a7e2775) is 85.2M, max 1.4G, 1.3G free.

Apr 07 02:16:20 localhost systemd-journald[304]: Received client request to flush runtime journal.

Apr 07 02:16:20 localhost systemd-journald[304]: File /var/log/journal/560b026a44d3424ea490d29e1a7e2775/system.journal corrupted or uncleanly shut down, renaming and replacing.

Apr 07 02:16:20 localhost multipathd[338]: multipathd v0.9.4: start up

Apr 07 02:16:20 localhost multipathd[338]: reconfigure: setting up paths and maps

Apr 07 02:16:15 localhost systemd[1]: Starting systemd-sysctl.service - Apply Kernel Variables...

Apr 07 02:16:18 localhost systemd-udevd[363]: Using default interface naming scheme 'v255'.

Apr 07 02:16:18 localhost systemd[1]: Finished systemd-udev-trigger.service - Coldplug All udev Devices.

Apr 07 02:16:18 localhost systemd[1]: Finished systemd-random-seed.service - Load/Save OS Random Seed.

Apr 07 02:16:19 localhost systemd[1]: Started multipathd.service - Device-Mapper Multipath Device Controller.

Apr 07 02:16:20 localhost systemd[1]: Started systemd-udevd.service - Rule-based Manager for Device Events and Files.

Apr 07 02:16:20 localhost systemd[1]: plymouth-start.service - Show Plymouth Boot Screen was skipped because of an unmet condition check (ConditionKernelCommandLine=splash).

Apr 07 02:16:20 localhost systemd[1]: Started systemd-ask-password-console.path - Dispatch Password Requests to Console Directory Watch.

Apr 07 02:16:20 localhost systemd[1]: systemd-ask-password-plymouth.path - Forward Password Requests to Plymouth Directory Watch was skipped because of an unmet condition check (ConditionPathExists=/run/plymouth/pid).

Apr 07 02:16:20 localhost systemd[1]: Reached target cryptsetup.target - Local Encrypted Volumes.

Apr 07 02:16:20 localhost systemd[1]: Listening on systemd-rfkill.socket - Load/Save RF Kill Switch Status /dev/rfkill Watch.

Apr 07 02:16:20 localhost kernel: workqueue: drm_fb_helper_damage_work hogged CPU for >10000us 32 times, consider switching to WQ_UNBOUND

Apr 07 02:16:20 localhost systemd[1]: Finished systemd-journal-flush.service - Flush Journal to Persistent Storage.

Apr 07 02:16:21 localhost systemd[1]: Starting modprobe@dm_mod.service - Load Kernel Module dm_mod...

Apr 07 02:16:21 localhost systemd[1]: Starting modprobe@efi_pstore.service - Load Kernel Module efi_pstore...

Apr 07 02:16:21 localhost systemd[1]: Starting modprobe@loop.service - Load Kernel Module loop...

Apr 07 02:16:21 localhost systemd[1]: netplan-ovs-cleanup.service - OpenVSwitch configuration for cleanup was skipped because of an unmet condition check (ConditionFileIsExecutable=/usr/bin/ovs-vsctl).

Apr 07 02:16:21 localhost systemd[1]: plymouth-start.service - Show Plymouth Boot Screen was skipped because of an unmet condition check (ConditionKernelCommandLine=splash).

Apr 07 02:16:21 localhost systemd[1]: systemd-ask-password-plymouth.path - Forward Password Requests to Plymouth Directory Watch was skipped because of an unmet condition check (ConditionPathExists=/run/plymouth/pid).

Apr 07 02:16:21 localhost systemd[1]: systemd-fsck-root.service - File System Check on Root Device was skipped because of an unmet condition check (ConditionPathExists=!/run/initramfs/fsck-root).

Apr 07 02:16:21 localhost systemd[1]: systemd-hwdb-update.service - Rebuild Hardware Database was skipped because of an unmet condition check (ConditionNeedsUpdate=/etc).

Apr 07 02:16:21 localhost systemd[1]: systemd-pcrmachine.service - TPM2 PCR Machine ID Measurement was skipped because of an unmet condition check (ConditionSecurity=measured-uki).

Apr 07 02:16:21 localhost systemd[1]: systemd-sysusers.service - Create System Users was skipped because no trigger condition checks were met.

Apr 07 02:16:21 localhost systemd[1]: systemd-tpm2-setup-early.service - TPM2 SRK Setup (Early) was skipped because of an unmet condition check (ConditionSecurity=measured-uki).

Apr 07 02:16:21 localhost systemd[1]: systemd-tpm2-setup.service - TPM2 SRK Setup was skipped because of an unmet condition check (ConditionSecurity=measured-uki).

Apr 07 02:16:21 localhost systemd[1]: modprobe@dm_mod.service: Deactivated successfully.

Apr 07 02:16:21 localhost systemd[1]: Finished modprobe@dm_mod.service - Load Kernel Module dm_mod.

Apr 07 02:16:21 localhost systemd[1]: modprobe@efi_pstore.service: Deactivated successfully.

Apr 07 02:16:21 localhost systemd[1]: Finished modprobe@efi_pstore.service - Load Kernel Module efi_pstore.

Apr 07 02:16:21 localhost systemd[1]: modprobe@loop.service: Deactivated successfully.

Apr 07 02:16:21 localhost systemd[1]: Finished modprobe@loop.service - Load Kernel Module loop.

Apr 07 02:16:21 localhost systemd[1]: systemd-pstore.service - Platform Persistent Storage Archival was skipped because of an unmet condition check (ConditionDirectoryNotEmpty=/sys/fs/pstore).

Apr 07 02:16:21 localhost systemd[1]: systemd-repart.service - Repartition Root Disk was skipped because no trigger condition checks were met.

Apr 07 02:16:21 localhost kernel: piix4_smbus 0000:00:01.3: SMBus Host Controller at 0x700, revision 0

Apr 07 02:16:21 localhost (udev-worker)[396]: dm-0: Process '/usr/bin/unshare -m /usr/bin/snap auto-import --mount=/dev/dm-0' failed with exit code 1.

Apr 07 02:16:21 localhost systemd[1]: Finished systemd-sysctl.service - Apply Kernel Variables.

Apr 07 02:16:21 localhost (udev-worker)[387]: sr0: Process '/usr/bin/unshare -m /usr/bin/snap auto-import --mount=/dev/sr0' failed with exit code 1.

Apr 07 02:16:22 localhost (udev-worker)[380]: sda: Process '/usr/bin/unshare -m /usr/bin/snap auto-import --mount=/dev/sda' failed with exit code 1.

Apr 07 02:16:22 localhost lvm[507]: PV /dev/sda3 online, VG ubuntu-vg is complete.

Apr 07 02:16:22 localhost lvm[507]: VG ubuntu-vg finished

Apr 07 02:16:22 localhost lvm[307]:   1 logical volume(s) in volume group "ubuntu-vg" monitored

Apr 07 02:16:22 localhost systemd[1]: Finished lvm2-monitor.service - Monitoring of LVM2 mirrors, snapshots etc. using dmeventd or progress polling.

Apr 07 02:16:22 localhost (udev-worker)[393]: sda3: Process '/usr/bin/unshare -m /usr/bin/snap auto-import --mount=/dev/sda3' failed with exit code 1.

Apr 07 02:16:22 localhost systemd[1]: Reached target local-fs-pre.target - Preparation for Local File Systems.

Apr 07 02:16:25 localhost (udev-worker)[380]: sda2: Process '/usr/bin/unshare -m /usr/bin/snap auto-import --mount=/dev/sda2' failed with exit code 1.

Apr 07 02:16:25 localhost systemd[1]: Found device dev-disk-by\x2duuid-c3f8f018\x2df5f7\x2d4a5d\x2d92a1\x2d12ee87108672.device - QEMU_HARDDISK 2.

Apr 07 02:16:25 localhost systemd[1]: Starting systemd-fsck@dev-disk-by\x2duuid-c3f8f018\x2df5f7\x2d4a5d\x2d92a1\x2d12ee87108672.service - File System Check on /dev/disk/by-uuid/c3f8f018-f5f7-4a5d-92a1-12ee87108672...

Apr 07 02:16:25 localhost systemd[1]: Started systemd-fsckd.service - File System Check Daemon to report status.

Apr 07 02:16:27 localhost (udev-worker)[387]: sda1: Process '/usr/bin/unshare -m /usr/bin/snap auto-import --mount=/dev/sda1' failed with exit code 1.

Apr 07 02:16:28 localhost systemd-fsck[516]: /dev/sda2: recovering journal

Apr 07 02:16:34 localhost systemd-fsck[516]: /dev/sda2: clean, 321/131072 files, 73442/524288 blocks

Apr 07 02:16:35 localhost systemd[1]: Finished systemd-fsck@dev-disk-by\x2duuid-c3f8f018\x2df5f7\x2d4a5d\x2d92a1\x2d12ee87108672.service - File System Check on /dev/disk/by-uuid/c3f8f018-f5f7-4a5d-92a1-12ee87108672.

Apr 07 02:16:35 localhost systemd[1]: Mounting boot.mount - /boot...

Apr 07 02:16:36 localhost kernel: EXT4-fs (sda2): mounted filesystem c3f8f018-f5f7-4a5d-92a1-12ee87108672 r/w with ordered data mode. Quota mode: none.

Apr 07 02:16:36 localhost systemd[1]: Mounted boot.mount - /boot.

Apr 07 02:16:36 localhost systemd[1]: Reached target local-fs.target - Local File Systems.

Apr 07 02:16:36 localhost systemd[1]: Listening on systemd-sysext.socket - System Extension Image Management (Varlink).

Apr 07 02:16:36 localhost systemd[1]: Starting apparmor.service - Load AppArmor profiles...

Apr 07 02:16:36 localhost systemd[1]: Starting console-setup.service - Set console font and keymap...

Apr 07 02:16:36 localhost systemd[1]: Starting finalrd.service - Create final runtime dir for shutdown pivot root...

Apr 07 02:16:36 localhost systemd[1]: ldconfig.service - Rebuild Dynamic Linker Cache was skipped because no trigger condition checks were met.

Apr 07 02:16:36 localhost systemd[1]: Starting plymouth-read-write.service - Tell Plymouth To Write Out Runtime Data...

Apr 07 02:16:36 localhost systemd[1]: Starting systemd-binfmt.service - Set Up Additional Binary Formats...

Apr 07 02:16:36 localhost systemd[1]: Starting systemd-tmpfiles-setup.service - Create Volatile Files and Directories...

Apr 07 02:16:36 localhost systemd[1]: Starting ufw.service - Uncomplicated firewall...

Apr 07 02:16:36 localhost systemd[1]: Finished console-setup.service - Set console font and keymap.

Apr 07 02:16:36 localhost systemd[1]: Finished plymouth-read-write.service - Tell Plymouth To Write Out Runtime Data.

Apr 07 02:16:36 localhost systemd[1]: proc-sys-fs-binfmt_misc.automount: Got automount request for /proc/sys/fs/binfmt_misc, triggered by 534 (systemd-binfmt)

Apr 07 02:16:36 localhost systemd[1]: Mounting proc-sys-fs-binfmt_misc.mount - Arbitrary Executable File Formats File System...

Apr 07 02:16:36 localhost systemd[1]: Finished finalrd.service - Create final runtime dir for shutdown pivot root.

Apr 07 02:16:36 localhost systemd[1]: Mounted proc-sys-fs-binfmt_misc.mount - Arbitrary Executable File Formats File System.

Apr 07 02:16:36 localhost systemd[1]: Finished ufw.service - Uncomplicated firewall.

Apr 07 02:16:36 localhost systemd[1]: Reached target network-pre.target - Preparation for Network.

Apr 07 02:16:36 localhost systemd[1]: Starting systemd-networkd.service - Network Configuration...

Apr 07 02:16:37 localhost systemd[1]: Finished systemd-binfmt.service - Set Up Additional Binary Formats.

Apr 07 02:16:37 localhost apparmor.systemd[528]: Restarting AppArmor

Apr 07 02:16:37 localhost apparmor.systemd[528]: /lib/apparmor/apparmor.systemd: 148: [: Illegal number: yes

Apr 07 02:16:37 localhost apparmor.systemd[528]: Reloading AppArmor profiles

Apr 07 02:16:41 localhost kernel: cfg80211: Loading compiled-in X.509 certificates for regulatory database

Apr 07 02:16:41 localhost kernel: Loaded X.509 cert 'sforshee: 00b28ddf47aef9cea7'

Apr 07 02:16:41 localhost kernel: Loaded X.509 cert 'wens: 61c038651aabdcf94bd0ac7ff06c7248db18c600'

Apr 07 02:16:43 localhost systemd-networkd[546]: lo: Link UP

Apr 07 02:16:43 localhost systemd-networkd[546]: lo: Gained carrier

Apr 07 02:16:43 localhost systemd-networkd[546]: Enumeration completed

Apr 07 02:16:43 localhost systemd[1]: Started systemd-networkd.service - Network Configuration.

Apr 07 02:16:43 localhost systemd[1]: Starting systemd-networkd-wait-online.service - Wait for Network to be Configured...

Apr 07 02:16:45 localhost systemd-networkd[546]: ens18: Configuring with /run/systemd/network/10-netplan-ens18.network.

Apr 07 02:16:46 localhost systemd-networkd[546]: ens18: Link UP

Apr 07 02:16:46 localhost systemd-networkd[546]: ens18: Gained carrier

Apr 07 02:16:46 localhost kernel: e1000: ens18 NIC Link is Up 1000 Mbps Full Duplex, Flow Control: RX

Apr 07 02:16:47 localhost systemd-networkd[546]: ens18: DHCPv4 address 172.16.9.226/23, gateway 172.16.8.1 acquired from 172.16.8.1

Apr 07 02:16:48 localhost systemd-networkd[546]: ens18: Gained IPv6LL

Apr 07 02:16:48 localhost systemd[1]: Finished systemd-networkd-wait-online.service - Wait for Network to be Configured.

Apr 07 02:16:49 localhost systemd[1]: Finished systemd-tmpfiles-setup.service - Create Volatile Files and Directories.

Apr 07 02:16:49 localhost systemd[1]: systemd-firstboot.service - First Boot Wizard was skipped because of an unmet condition check (ConditionFirstBoot=yes).

Apr 07 02:16:49 localhost systemd[1]: first-boot-complete.target - First Boot Complete was skipped because of an unmet condition check (ConditionFirstBoot=yes).

Apr 07 02:16:49 localhost systemd[1]: systemd-journal-catalog-update.service - Rebuild Journal Catalog was skipped because of an unmet condition check (ConditionNeedsUpdate=/var).

Apr 07 02:16:49 localhost systemd[1]: systemd-machine-id-commit.service - Commit a transient machine-id on disk was skipped because of an unmet condition check (ConditionPathIsMountPoint=/etc/machine-id).

Apr 07 02:16:49 localhost systemd[1]: Starting systemd-resolved.service - Network Name Resolution...

Apr 07 02:16:49 localhost systemd[1]: Starting systemd-timesyncd.service - Network Time Synchronization...

Apr 07 02:16:49 localhost systemd[1]: systemd-update-done.service - Update is Completed was skipped because no trigger condition checks were met.

Apr 07 02:16:49 localhost systemd[1]: Starting systemd-update-utmp.service - Record System Boot/Shutdown in UTMP...

Apr 07 02:16:50 localhost kernel: audit: type=1400 audit(1743992210.190:2): apparmor="STATUS" operation="profile_load" profile="unconfined" name="1password" pid=555 comm="apparmor_parser"

Apr 07 02:16:50 localhost kernel: audit: type=1400 audit(1743992210.190:3): apparmor="STATUS" operation="profile_load" profile="unconfined" name="Discord" pid=556 comm="apparmor_parser"

Apr 07 02:16:50 localhost systemd-resolved[568]: Positive Trust Anchors:

Apr 07 02:16:50 localhost systemd-resolved[568]: . IN DS 20326 8 2 e06d44b80b8f1d39a95c0b0d7c65d08458e880409bbc683457104237c7f8ec8d

Apr 07 02:16:50 localhost systemd-resolved[568]: Negative trust anchors: home.arpa 10.in-addr.arpa 16.172.in-addr.arpa 17.172.in-addr.arpa 18.172.in-addr.arpa 19.172.in-addr.arpa 20.172.in-addr.arpa 21.172.in-addr.arpa 22.172.in-addr.arpa 23.172.in-addr.arpa 24.172.in-addr.arpa 25.172.in-addr.arpa 26.172.in-addr.arpa 27.172.in-addr.arpa 28.172.in-addr.arpa 29.172.in-addr.arpa 30.172.in-addr.arpa 31.172.in-addr.arpa 170.0.0.192.in-addr.arpa 171.0.0.192.in-addr.arpa 168.192.in-addr.arpa d.f.ip6.arpa ipv4only.arpa corp home internal intranet lan local private test

Apr 07 02:16:50 localhost systemd[1]: Started systemd-timesyncd.service - Network Time Synchronization.

Apr 07 02:16:50 localhost systemd[1]: Reached target time-set.target - System Time Set.

Apr 07 02:16:50 localhost systemd[1]: Finished systemd-update-utmp.service - Record System Boot/Shutdown in UTMP.

Apr 07 02:16:50 localhost kernel: audit: type=1400 audit(1743992210.895:4): apparmor="STATUS" operation="profile_load" profile="unconfined" name=4D6F6E676F444220436F6D70617373 pid=572 comm="apparmor_parser"

Apr 07 02:16:50 localhost kernel: audit: type=1400 audit(1743992210.938:5): apparmor="STATUS" operation="profile_load" profile="unconfined" name="QtWebEngineProcess" pid=573 comm="apparmor_parser"

Apr 07 02:16:51 localhost kernel: audit: type=1400 audit(1743992211.030:6): apparmor="STATUS" operation="profile_load" profile="unconfined" name="balena-etcher" pid=576 comm="apparmor_parser"

Apr 07 02:16:51 localhost kernel: audit: type=1400 audit(1743992211.030:7): apparmor="STATUS" operation="profile_load" profile="unconfined" name="brave" pid=577 comm="apparmor_parser"

Apr 07 02:16:51 localhost kernel: audit: type=1400 audit(1743992211.036:8): apparmor="STATUS" operation="profile_load" profile="unconfined" name="buildah" pid=578 comm="apparmor_parser"

Apr 07 02:16:51 localhost kernel: audit: type=1400 audit(1743992211.036:9): apparmor="STATUS" operation="profile_load" profile="unconfined" name="busybox" pid=579 comm="apparmor_parser"

Apr 07 02:16:51 localhost kernel: audit: type=1400 audit(1743992211.068:10): apparmor="STATUS" operation="profile_load" profile="unconfined" name="cam" pid=580 comm="apparmor_parser"

Apr 07 02:16:51 localhost kernel: audit: type=1400 audit(1743992211.068:11): apparmor="STATUS" operation="profile_load" profile="unconfined" name="ch-checkns" pid=581 comm="apparmor_parser"

Apr 07 02:16:51 localhost systemd-resolved[568]: Defaulting to hostname 'linux'.

Apr 07 02:16:51 localhost systemd[1]: Started systemd-resolved.service - Network Name Resolution.

Apr 07 02:16:51 localhost systemd[1]: Reached target network.target - Network.

Apr 07 02:16:51 localhost systemd[1]: Reached target network-online.target - Network is Online.

Apr 07 02:16:51 localhost systemd[1]: Reached target nss-lookup.target - Host and Network Name Lookups.

Apr 07 02:16:51 localhost systemd[1]: open-iscsi.service - Login to default iSCSI targets was skipped because no trigger condition checks were met.

Apr 07 02:16:51 localhost systemd[1]: Reached target remote-fs-pre.target - Preparation for Remote File Systems.

Apr 07 02:16:51 localhost systemd[1]: Reached target remote-fs.target - Remote File Systems.

Apr 07 02:16:51 localhost systemd[1]: Finished blk-availability.service - Availability of block devices.

Apr 07 02:16:55 localhost kernel: kauditd_printk_skb: 68 callbacks suppressed

Apr 07 02:16:55 localhost kernel: audit: type=1400 audit(1743992215.398:80): apparmor="STATUS" operation="profile_load" profile="unconfined" name="steam" pid=649 comm="apparmor_parser"

Apr 07 02:16:55 localhost kernel: audit: type=1400 audit(1743992215.398:81): apparmor="STATUS" operation="profile_load" profile="unconfined" name="slirp4netns" pid=648 comm="apparmor_parser"

Apr 07 02:16:55 localhost kernel: audit: type=1400 audit(1743992215.473:82): apparmor="STATUS" operation="profile_load" profile="unconfined" name="stress-ng" pid=650 comm="apparmor_parser"

Apr 07 02:16:55 localhost kernel: audit: type=1400 audit(1743992215.473:83): apparmor="STATUS" operation="profile_load" profile="unconfined" name="surfshark" pid=651 comm="apparmor_parser"

Apr 07 02:16:55 localhost kernel: audit: type=1400 audit(1743992215.475:84): apparmor="STATUS" operation="profile_load" profile="unconfined" name="systemd-coredump" pid=652 comm="apparmor_parser"

Apr 07 02:16:55 localhost kernel: audit: type=1400 audit(1743992215.475:85): apparmor="STATUS" operation="profile_load" profile="unconfined" name="thunderbird" pid=653 comm="apparmor_parser"

Apr 07 02:16:55 localhost kernel: audit: type=1400 audit(1743992215.476:86): apparmor="STATUS" operation="profile_load" profile="unconfined" name="toybox" pid=654 comm="apparmor_parser"

Apr 07 02:16:55 localhost kernel: audit: type=1400 audit(1743992215.478:87): apparmor="STATUS" operation="profile_load" profile="unconfined" name="trinity" pid=656 comm="apparmor_parser"

Apr 07 02:16:55 localhost kernel: audit: type=1400 audit(1743992215.498:88): apparmor="STATUS" operation="profile_load" profile="unconfined" name="tup" pid=657 comm="apparmor_parser"

Apr 07 02:16:55 localhost kernel: audit: type=1400 audit(1743992215.499:89): apparmor="STATUS" operation="profile_load" profile="unconfined" name="tuxedo-control-center" pid=658 comm="apparmor_parser"

Apr 07 02:16:59 localhost systemd[1]: Finished apparmor.service - Load AppArmor profiles.

Apr 07 02:16:59 localhost systemd[1]: Starting snapd.apparmor.service - Load AppArmor profiles managed internally by snapd...

Apr 07 02:16:59 localhost systemd[1]: vgauth.service - Authentication service for virtual machines hosted on VMware was skipped because of an unmet condition check (ConditionVirtualization=vmware).

Apr 07 02:16:59 localhost systemd[1]: open-vm-tools.service - Service for virtual machines hosted on VMware was skipped because of an unmet condition check (ConditionVirtualization=vmware).

Apr 07 02:17:00 localhost snapd-apparmor[676]: main.go:143: No profiles to load

Apr 07 02:17:00 localhost systemd[1]: Finished snapd.apparmor.service - Load AppArmor profiles managed internally by snapd.

Apr 07 02:17:00 localhost systemd[1]: Reached target sysinit.target - System Initialization.

Apr 07 02:17:00 localhost systemd[1]: apport-autoreport.path - Process error reports when automatic reporting is enabled (file watch) was skipped because of an unmet condition check (ConditionPathExists=/var/lib/apport/autoreport).

Apr 07 02:17:00 localhost systemd[1]: tpm-udev.path - Handle dynamically added tpm devices was skipped because of an unmet condition check (ConditionVirtualization=container).

Apr 07 02:17:00 localhost systemd[1]: apport-autoreport.timer - Process error reports when automatic reporting is enabled (timer based) was skipped because of an unmet condition check (ConditionPathExists=/var/lib/apport/autoreport).

Apr 07 02:17:00 localhost kernel: workqueue: drm_fb_helper_damage_work hogged CPU for >10000us 64 times, consider switching to WQ_UNBOUND

Apr 07 02:17:00 localhost systemd[1]: Started apt-daily.timer - Daily apt download activities.

Apr 07 02:17:00 localhost systemd[1]: Started apt-daily-upgrade.timer - Daily apt upgrade and clean activities.

Apr 07 02:17:00 localhost systemd[1]: Started dpkg-db-backup.timer - Daily dpkg database backup timer.

Apr 07 02:17:00 localhost systemd[1]: Started e2scrub_all.timer - Periodic ext4 Online Metadata Check for All Filesystems.

Apr 07 02:17:00 localhost systemd[1]: Started fstrim.timer - Discard unused filesystem blocks once a week.

Apr 07 02:17:00 localhost systemd[1]: Started fwupd-refresh.timer - Refresh fwupd metadata regularly.

Apr 07 02:17:00 localhost systemd[1]: Started logrotate.timer - Daily rotation of log files.

Apr 07 02:17:00 localhost systemd[1]: Started man-db.timer - Daily man-db regeneration.

Apr 07 02:17:00 localhost systemd[1]: Started motd-news.timer - Message of the Day.

Apr 07 02:17:00 localhost systemd[1]: snapd.snap-repair.timer - Timer to automatically fetch and run repair assertions was skipped because no trigger condition checks were met.

Apr 07 02:17:00 localhost systemd[1]: Started sysstat-collect.timer - Run system activity accounting tool every 10 minutes.

Apr 07 02:17:00 localhost systemd[1]: Started sysstat-summary.timer - Generate summary of yesterday's process accounting.

Apr 07 02:17:00 localhost systemd[1]: Started systemd-tmpfiles-clean.timer - Daily Cleanup of Temporary Directories.

Apr 07 02:17:00 localhost systemd[1]: ua-timer.timer - Ubuntu Pro Timer for running repeated jobs was skipped because of an unmet condition check (ConditionPathExists=/var/lib/ubuntu-advantage/private/machine-token.json).

Apr 07 02:17:00 localhost systemd[1]: Started update-notifier-download.timer - Download data for packages that failed at package install time.

Apr 07 02:17:00 localhost systemd[1]: Started update-notifier-motd.timer - Check to see whether there is a new version of Ubuntu available.

Apr 07 02:17:00 localhost systemd[1]: Reached target paths.target - Path Units.

Apr 07 02:17:00 localhost systemd[1]: Reached target timers.target - Timer Units.

Apr 07 02:17:00 localhost systemd[1]: apport-forward.socket - Unix socket for apport crash forwarding was skipped because of an unmet condition check (ConditionVirtualization=container).

Apr 07 02:17:00 localhost systemd[1]: Listening on dbus.socket - D-Bus System Message Bus Socket.

Apr 07 02:17:00 localhost systemd[1]: Listening on iscsid.socket - Open-iSCSI iscsid Socket.

Apr 07 02:17:00 localhost systemd[1]: Starting lxd-installer.socket - Helper to install lxd snap on demand...

Apr 07 02:17:00 localhost systemd[1]: Starting snapd.socket - Socket activation for snappy daemon...

Apr 07 02:17:00 localhost systemd[1]: Listening on ssh.socket - OpenBSD Secure Shell server socket.

Apr 07 02:17:00 localhost systemd[1]: Listening on uuidd.socket - UUID daemon activation socket.

Apr 07 02:17:00 localhost systemd[1]: systemd-pcrphase-sysinit.service - TPM2 PCR Barrier (Initialization) was skipped because of an unmet condition check (ConditionSecurity=measured-uki).

Apr 07 02:17:00 localhost systemd[1]: Listening on lxd-installer.socket - Helper to install lxd snap on demand.

Apr 07 02:17:00 localhost systemd[1]: Listening on snapd.socket - Socket activation for snappy daemon.

Apr 07 02:17:00 localhost systemd[1]: Reached target sockets.target - Socket Units.

Apr 07 02:17:00 localhost systemd[1]: Reached target basic.target - Basic System.

Apr 07 02:17:00 localhost systemd[1]: Starting apport.service - automatic crash report generation...

Apr 07 02:17:01 localhost systemd[1]: Started cron.service - Regular background program processing daemon.

Apr 07 02:17:01 localhost (cron)[687]: cron.service: Referenced but unset environment variable evaluates to an empty string: EXTRA_OPTS

Apr 07 02:17:01 localhost systemd[1]: Starting dbus.service - D-Bus System Message Bus...

Apr 07 02:17:01 localhost systemd[1]: Started dmesg.service - Save initial kernel messages after boot.

Apr 07 02:17:01 localhost systemd[1]: Starting e2scrub_reap.service - Remove Stale Online ext4 Metadata Check Snapshots...

Apr 07 02:17:01 localhost systemd[1]: getty-static.service - getty on tty2-tty6 if dbus and logind are not available was skipped because of an unmet condition check (ConditionPathExists=!/usr/bin/dbus-daemon).

Apr 07 02:17:01 localhost cron[687]: (CRON) INFO (pidfile fd = 3)

Apr 07 02:17:01 localhost systemd[1]: Starting grub-common.service - Record successful boot for GRUB...

Apr 07 02:17:01 localhost systemd[1]: networkd-dispatcher.service - Dispatcher daemon for systemd-networkd was skipped because no trigger condition checks were met.

Apr 07 02:17:01 localhost systemd[1]: Starting polkit.service - Authorization Manager...

Apr 07 02:17:01 localhost systemd[1]: pollinate.service - Pollinate to seed the pseudo random number generator was skipped because of an unmet condition check (ConditionPathExists=!/var/cache/pollinate/seeded).

Apr 07 02:17:01 localhost systemd[1]: Started qemu-guest-agent.service - QEMU Guest Agent.

Apr 07 02:17:01 localhost systemd[1]: Starting rsyslog.service - System Logging Service...

Apr 07 02:17:01 localhost systemd[1]: secureboot-db.service - Secure Boot updates for DB and DBX was skipped because of an unmet condition check (ConditionPathExists=/sys/firmware/efi/efivars/db-d719b2cb-3d3a-4596-a3bc-dad00e67656f).

Apr 07 02:17:01 localhost systemd[1]: snapd.core-fixup.service - Automatically repair incorrect owner/permissions on core devices was skipped because no trigger condition checks were met.

Apr 07 02:17:01 localhost systemd[1]: snapd.recovery-chooser-trigger.service - Wait for the Ubuntu Core chooser trigger was skipped because of an unmet condition check (ConditionKernelCommandLine=snapd_recovery_mode).

Apr 07 02:17:01 localhost systemd[1]: Reached target getty-pre.target - Preparation for Logins.

Apr 07 02:17:01 localhost systemd[1]: Starting snapd.seeded.service - Wait until snapd is fully seeded...

Apr 07 02:17:01 localhost systemd[1]: Starting snapd.service - Snap Daemon...

Apr 07 02:17:01 localhost systemd[1]: Starting sysstat.service - Resets System Activity Logs...

Apr 07 02:17:01 localhost systemd[1]: Starting systemd-logind.service - User Login Management...

Apr 07 02:17:01 localhost systemd[1]: systemd-pcrphase.service - TPM2 PCR Barrier (User) was skipped because of an unmet condition check (ConditionSecurity=measured-uki).

Apr 07 02:17:01 localhost systemd[1]: Starting systemd-user-sessions.service - Permit User Sessions...

Apr 07 02:17:01 localhost systemd[1]: thermald.service - Thermal Daemon Service was skipped because of an unmet condition check (ConditionVirtualization=no).

Apr 07 02:17:01 localhost systemd[1]: ua-reboot-cmds.service - Ubuntu Pro reboot cmds was skipped because of an unmet condition check (ConditionPathExists=/var/lib/ubuntu-advantage/private/machine-token.json).

Apr 07 02:17:01 localhost systemd[1]: ubuntu-advantage.service - Ubuntu Pro Background Auto Attach was skipped because no trigger condition checks were met.

Apr 07 02:17:01 localhost systemd[1]: Starting udisks2.service - Disk Manager...

Apr 07 02:17:01 localhost systemd[1]: e2scrub_reap.service: Deactivated successfully.

Apr 07 02:17:01 localhost systemd[1]: Finished e2scrub_reap.service - Remove Stale Online ext4 Metadata Check Snapshots.

Apr 07 02:17:01 localhost systemd[1]: Finished systemd-user-sessions.service - Permit User Sessions.

Apr 07 02:17:01 localhost systemd[1]: Starting plymouth-quit-wait.service - Hold until boot process finishes up...

Apr 07 02:17:01 localhost systemd[1]: Starting plymouth-quit.service - Terminate Plymouth Boot Screen...

Apr 07 02:17:01 localhost systemd[1]: Finished plymouth-quit-wait.service - Hold until boot process finishes up.

Apr 07 02:17:01 localhost systemd[1]: Starting setvtrgb.service - Set console scheme...

Apr 07 02:17:01 localhost systemd[1]: Finished plymouth-quit.service - Terminate Plymouth Boot Screen.

Apr 07 02:17:01 localhost systemd-logind[700]: New seat seat0.

Apr 07 02:17:01 localhost kernel: kauditd_printk_skb: 31 callbacks suppressed

Apr 07 02:17:01 localhost kernel: audit: type=1400 audit(1743992221.560:121): apparmor="STATUS" operation="profile_replace" info="same as current profile, skipping" profile="unconfined" name="rsyslogd" pid=716 comm="apparmor_parser"

Apr 07 02:17:01 localhost polkitd[694]: Started polkitd version 124

Apr 07 02:17:01 localhost dbus-daemon[688]: dbus[688]: Unknown group "power" in message bus configuration file

Apr 07 02:17:01 localhost systemd[1]: Finished setvtrgb.service - Set console scheme.

Apr 07 02:17:01 localhost systemd[1]: Created slice system-getty.slice - Slice /system/getty.

Apr 07 02:17:01 localhost systemd[1]: Started getty@tty1.service - Getty on tty1.

Apr 07 02:17:01 localhost systemd[1]: Reached target getty.target - Login Prompts.

Apr 07 02:17:01 localhost systemd-logind[700]: Watching system buttons on /dev/input/event0 (Power Button)

Apr 07 02:17:01 localhost systemd-logind[700]: Watching system buttons on /dev/input/event1 (AT Translated Set 2 keyboard)

Apr 07 02:17:01 localhost systemd[1]: Started systemd-logind.service - User Login Management.

Apr 07 02:17:01 localhost systemd[1]: Started unattended-upgrades.service - Unattended Upgrades Shutdown.

Apr 07 02:17:02 localhost cron[687]: (CRON) INFO (Running @reboot jobs)
